Archive member included to satisfy reference by file (symbol)

c:/st/stm32cubeide_1.12.0/stm32cubeide/plugins/com.st.stm32cube.ide.mcu.externaltools.gnu-tools-for-stm32.10.3-2021.10.win32_1.0.200.202301161003/tools/bin/../lib/gcc/arm-none-eabi/10.3.1/../../../../arm-none-eabi/lib/thumb/v7e-m/nofp\libc_nano.a(lib_a-atoi.o)
                              ./Src/Ymodem.o (atoi)
c:/st/stm32cubeide_1.12.0/stm32cubeide/plugins/com.st.stm32cube.ide.mcu.externaltools.gnu-tools-for-stm32.10.3-2021.10.win32_1.0.200.202301161003/tools/bin/../lib/gcc/arm-none-eabi/10.3.1/../../../../arm-none-eabi/lib/thumb/v7e-m/nofp\libc_nano.a(lib_a-exit.o)
                              c:/st/stm32cubeide_1.12.0/stm32cubeide/plugins/com.st.stm32cube.ide.mcu.externaltools.gnu-tools-for-stm32.10.3-2021.10.win32_1.0.200.202301161003/tools/bin/../lib/gcc/arm-none-eabi/10.3.1/../../../../arm-none-eabi/lib/thumb/v7e-m/nofp/crt0.o (exit)
c:/st/stm32cubeide_1.12.0/stm32cubeide/plugins/com.st.stm32cube.ide.mcu.externaltools.gnu-tools-for-stm32.10.3-2021.10.win32_1.0.200.202301161003/tools/bin/../lib/gcc/arm-none-eabi/10.3.1/../../../../arm-none-eabi/lib/thumb/v7e-m/nofp\libc_nano.a(lib_a-impure.o)
                              c:/st/stm32cubeide_1.12.0/stm32cubeide/plugins/com.st.stm32cube.ide.mcu.externaltools.gnu-tools-for-stm32.10.3-2021.10.win32_1.0.200.202301161003/tools/bin/../lib/gcc/arm-none-eabi/10.3.1/../../../../arm-none-eabi/lib/thumb/v7e-m/nofp\libc_nano.a(lib_a-exit.o) (_global_impure_ptr)
c:/st/stm32cubeide_1.12.0/stm32cubeide/plugins/com.st.stm32cube.ide.mcu.externaltools.gnu-tools-for-stm32.10.3-2021.10.win32_1.0.200.202301161003/tools/bin/../lib/gcc/arm-none-eabi/10.3.1/../../../../arm-none-eabi/lib/thumb/v7e-m/nofp\libc_nano.a(lib_a-init.o)
                              c:/st/stm32cubeide_1.12.0/stm32cubeide/plugins/com.st.stm32cube.ide.mcu.externaltools.gnu-tools-for-stm32.10.3-2021.10.win32_1.0.200.202301161003/tools/bin/../lib/gcc/arm-none-eabi/10.3.1/../../../../arm-none-eabi/lib/thumb/v7e-m/nofp/crt0.o (__libc_init_array)
c:/st/stm32cubeide_1.12.0/stm32cubeide/plugins/com.st.stm32cube.ide.mcu.externaltools.gnu-tools-for-stm32.10.3-2021.10.win32_1.0.200.202301161003/tools/bin/../lib/gcc/arm-none-eabi/10.3.1/../../../../arm-none-eabi/lib/thumb/v7e-m/nofp\libc_nano.a(lib_a-memcpy-stub.o)
                              ./Src/DvcPrm.o (memcpy)
c:/st/stm32cubeide_1.12.0/stm32cubeide/plugins/com.st.stm32cube.ide.mcu.externaltools.gnu-tools-for-stm32.10.3-2021.10.win32_1.0.200.202301161003/tools/bin/../lib/gcc/arm-none-eabi/10.3.1/../../../../arm-none-eabi/lib/thumb/v7e-m/nofp\libc_nano.a(lib_a-memset.o)
                              c:/st/stm32cubeide_1.12.0/stm32cubeide/plugins/com.st.stm32cube.ide.mcu.externaltools.gnu-tools-for-stm32.10.3-2021.10.win32_1.0.200.202301161003/tools/bin/../lib/gcc/arm-none-eabi/10.3.1/../../../../arm-none-eabi/lib/thumb/v7e-m/nofp/crt0.o (memset)
c:/st/stm32cubeide_1.12.0/stm32cubeide/plugins/com.st.stm32cube.ide.mcu.externaltools.gnu-tools-for-stm32.10.3-2021.10.win32_1.0.200.202301161003/tools/bin/../lib/gcc/arm-none-eabi/10.3.1/../../../../arm-none-eabi/lib/thumb/v7e-m/nofp\libc_nano.a(lib_a-strchr.o)
                              ./Src/Ymodem.o (strchr)
c:/st/stm32cubeide_1.12.0/stm32cubeide/plugins/com.st.stm32cube.ide.mcu.externaltools.gnu-tools-for-stm32.10.3-2021.10.win32_1.0.200.202301161003/tools/bin/../lib/gcc/arm-none-eabi/10.3.1/../../../../arm-none-eabi/lib/thumb/v7e-m/nofp\libc_nano.a(lib_a-strlen.o)
                              ./Src/tiny_printf.o (strlen)
c:/st/stm32cubeide_1.12.0/stm32cubeide/plugins/com.st.stm32cube.ide.mcu.externaltools.gnu-tools-for-stm32.10.3-2021.10.win32_1.0.200.202301161003/tools/bin/../lib/gcc/arm-none-eabi/10.3.1/../../../../arm-none-eabi/lib/thumb/v7e-m/nofp\libc_nano.a(lib_a-strtol.o)
                              c:/st/stm32cubeide_1.12.0/stm32cubeide/plugins/com.st.stm32cube.ide.mcu.externaltools.gnu-tools-for-stm32.10.3-2021.10.win32_1.0.200.202301161003/tools/bin/../lib/gcc/arm-none-eabi/10.3.1/../../../../arm-none-eabi/lib/thumb/v7e-m/nofp\libc_nano.a(lib_a-atoi.o) (_strtol_r)
c:/st/stm32cubeide_1.12.0/stm32cubeide/plugins/com.st.stm32cube.ide.mcu.externaltools.gnu-tools-for-stm32.10.3-2021.10.win32_1.0.200.202301161003/tools/bin/../lib/gcc/arm-none-eabi/10.3.1/../../../../arm-none-eabi/lib/thumb/v7e-m/nofp\libc_nano.a(lib_a-ctype_.o)
                              c:/st/stm32cubeide_1.12.0/stm32cubeide/plugins/com.st.stm32cube.ide.mcu.externaltools.gnu-tools-for-stm32.10.3-2021.10.win32_1.0.200.202301161003/tools/bin/../lib/gcc/arm-none-eabi/10.3.1/../../../../arm-none-eabi/lib/thumb/v7e-m/nofp\libc_nano.a(lib_a-strtol.o) (_ctype_)
c:/st/stm32cubeide_1.12.0/stm32cubeide/plugins/com.st.stm32cube.ide.mcu.externaltools.gnu-tools-for-stm32.10.3-2021.10.win32_1.0.200.202301161003/tools/bin/../lib/gcc/arm-none-eabi/10.3.1/../../../../arm-none-eabi/lib/thumb/v7e-m/nofp\libc_nano.a(lib_a-errno.o)
[...]
Memory Configuration

Name             Origin             Length             Attributes
FLASH            0x0000000008000000 0x0000000000009ff0 xr
FLASH1           0x0000000008009ff0 0x0000000000000010 xr
RAM              0x0000000020000000 0x0000000000010000 xrw
MEMORY_B1        0x0000000060000000 0x0000000000000000 xr
RAM2             0x0000000000000000 0xffffffffffffffff
*default*        0x0000000000000000 0xffffffffffffffff

Linker script and memory map

LOAD c:/st/stm32cubeide_1.12.0/stm32cubeide/plugins/com.st.stm32cube.ide.mcu.externaltools.gnu-tools-for-stm32.10.3-2021.10.win32_1.0.200.202301161003/tools/bin/../lib/gcc/arm-none-eabi/10.3.1/thumb/v7e-m/nofp/crti.o
LOAD c:/st/stm32cubeide_1.12.0/stm32cubeide/plugins/com.st.stm32cube.ide.mcu.externaltools.gnu-tools-for-stm32.10.3-2021.10.win32_1.0.200.202301161003/tools/bin/../lib/gcc/arm-none-eabi/10.3.1/thumb/v7e-m/nofp/crtbegin.o
LOAD c:/st/stm32cubeide_1.12.0/stm32cubeide/plugins/com.st.stm32cube.ide.mcu.externaltools.gnu-tools-for-stm32.10.3-2021.10.win32_1.0.200.202301161003/tools/bin/../lib/gcc/arm-none-eabi/10.3.1/../../../../arm-none-eabi/lib/thumb/v7e-m/nofp/crt0.o
LOAD ./HAL/src/stm32l4xx_hal.o
LOAD ./HAL/src/stm32l4xx_hal_adc.o
LOAD ./HAL/src/stm32l4xx_hal_adc_ex.o
LOAD ./HAL/src/stm32l4xx_hal_can.o
LOAD ./HAL/src/stm32l4xx_hal_comp.o
LOAD ./HAL/src/stm32l4xx_hal_cortex.o
LOAD ./HAL/src/stm32l4xx_hal_crc.o
LOAD ./HAL/src/stm32l4xx_hal_crc_ex.o
LOAD ./HAL/src/stm32l4xx_hal_cryp.o
LOAD ./HAL/src/stm32l4xx_hal_cryp_ex.o
LOAD ./HAL/src/stm32l4xx_hal_dac.o
LOAD ./HAL/src/stm32l4xx_hal_dac_ex.o
LOAD ./HAL/src/stm32l4xx_hal_dfsdm.o
LOAD ./HAL/src/stm32l4xx_hal_dma.o
LOAD ./HAL/src/stm32l4xx_hal_firewall.o
LOAD ./HAL/src/stm32l4xx_hal_flash.o
LOAD ./HAL/src/stm32l4xx_hal_flash_ex.o
LOAD ./HAL/src/stm32l4xx_hal_flash_ramfunc.o
LOAD ./HAL/src/stm32l4xx_hal_gpio.o
LOAD ./HAL/src/stm32l4xx_hal_hcd.o
LOAD ./HAL/src/stm32l4xx_hal_i2c.o
LOAD ./HAL/src/stm32l4xx_hal_i2c_ex.o
LOAD ./HAL/src/stm32l4xx_hal_irda.o
LOAD ./HAL/src/stm32l4xx_hal_iwdg.o
LOAD ./HAL/src/stm32l4xx_hal_lcd.o
LOAD ./HAL/src/stm32l4xx_hal_lptim.o
LOAD ./HAL/src/stm32l4xx_hal_msp_template.o
LOAD ./HAL/src/stm32l4xx_hal_nand.o
LOAD ./HAL/src/stm32l4xx_hal_nor.o
LOAD ./HAL/src/stm32l4xx_hal_opamp.o
LOAD ./HAL/src/stm32l4xx_hal_opamp_ex.o
LOAD ./HAL/src/stm32l4xx_hal_pcd.o
LOAD ./HAL/src/stm32l4xx_hal_pcd_ex.o
LOAD ./HAL/src/stm32l4xx_hal_pwr.o
LOAD ./HAL/src/stm32l4xx_hal_pwr_ex.o
LOAD ./HAL/src/stm32l4xx_hal_qspi.o
LOAD ./HAL/src/stm32l4xx_hal_rcc.o
LOAD ./HAL/src/stm32l4xx_hal_rcc_ex.o
LOAD ./HAL/src/stm32l4xx_hal_rng.o
LOAD ./HAL/src/stm32l4xx_hal_rtc.o
LOAD ./HAL/src/stm32l4xx_hal_rtc_ex.o
LOAD ./HAL/src/stm32l4xx_hal_sai.o
LOAD ./HAL/src/stm32l4xx_hal_sd.o
LOAD ./HAL/src/stm32l4xx_hal_smartcard.o
LOAD ./HAL/src/stm32l4xx_hal_smartcard_ex.o
LOAD ./HAL/src/stm32l4xx_hal_smbus.o
LOAD ./HAL/src/stm32l4xx_hal_spi.o
LOAD ./HAL/src/stm32l4xx_hal_spi_ex.o
LOAD ./HAL/src/stm32l4xx_hal_sram.o
LOAD ./HAL/src/stm32l4xx_hal_swpmi.o
LOAD ./HAL/src/stm32l4xx_hal_tim.o
LOAD ./HAL/src/stm32l4xx_hal_tim_ex.o
LOAD ./HAL/src/stm32l4xx_hal_timebase_tim_template.o
LOAD ./HAL/src/stm32l4xx_hal_tsc.o
LOAD ./HAL/src/stm32l4xx_hal_uart.o
LOAD ./HAL/src/stm32l4xx_hal_uart_ex.o
LOAD ./HAL/src/stm32l4xx_hal_usart.o
LOAD ./HAL/src/stm32l4xx_hal_wwdg.o
LOAD ./HAL/src/stm32l4xx_ll_adc.o
LOAD ./HAL/src/stm32l4xx_ll_comp.o
LOAD ./HAL/src/stm32l4xx_ll_crc.o
LOAD ./HAL/src/stm32l4xx_ll_crs.o
LOAD ./HAL/src/stm32l4xx_ll_dac.o
LOAD ./HAL/src/stm32l4xx_ll_dma.o
LOAD ./HAL/src/stm32l4xx_ll_exti.o
LOAD ./HAL/src/stm32l4xx_ll_fmc.o
LOAD ./HAL/src/stm32l4xx_ll_gpio.o
LOAD ./HAL/src/stm32l4xx_ll_i2c.o
LOAD ./HAL/src/stm32l4xx_ll_lptim.o
LOAD ./HAL/src/stm32l4xx_ll_lpuart.o
LOAD ./HAL/src/stm32l4xx_ll_opamp.o
LOAD ./HAL/src/stm32l4xx_ll_pwr.o
LOAD ./HAL/src/stm32l4xx_ll_rcc.o
LOAD ./HAL/src/stm32l4xx_ll_rng.o
LOAD ./HAL/src/stm32l4xx_ll_rtc.o
LOAD ./HAL/src/stm32l4xx_ll_sdmmc.o
LOAD ./HAL/src/stm32l4xx_ll_spi.o
LOAD ./HAL/src/stm32l4xx_ll_swpmi.o
LOAD ./HAL/src/stm32l4xx_ll_tim.o
LOAD ./HAL/src/stm32l4xx_ll_usart.o
LOAD ./HAL/src/stm32l4xx_ll_usb.o
LOAD ./HAL/src/stm32l4xx_ll_utils.o
LOAD ./Src/ADC.o
LOAD ./Src/Common.o
LOAD ./Src/Download.o
LOAD ./Src/DvcPrm.o
LOAD ./Src/FlashApp.o
LOAD ./Src/FlashDrv.o
LOAD ./Src/FlashInnApp.o
LOAD ./Src/HostApp.o
LOAD ./Src/LED.o
LOAD ./Src/RST.o
LOAD ./Src/RTC.o
LOAD ./Src/SPI.o
LOAD ./Src/TMRS.o
LOAD ./Src/UART.o
LOAD ./Src/UARTDrv.o
LOAD ./Src/Ymodem.o
LOAD ./Src/main.o
LOAD ./Src/startup_stm32l433xx.o
LOAD ./Src/stm32l4xx_it.o
LOAD ./Src/system_stm32l4xx.o
LOAD ./Src/tiny_printf.o
START GROUP
LOAD c:/st/stm32cubeide_1.12.0/stm32cubeide/plugins/com.st.stm32cube.ide.mcu.externaltools.gnu-tools-for-stm32.10.3-2021.10.win32_1.0.200.202301161003/tools/bin/../lib/gcc/arm-none-eabi/10.3.1/../../../../arm-none-eabi/lib/thumb/v7e-m/nofp\libc_nano.a
LOAD c:/st/stm32cubeide_1.12.0/stm32cubeide/plugins/com.st.stm32cube.ide.mcu.externaltools.gnu-tools-for-stm32.10.3-2021.10.win32_1.0.200.202301161003/tools/bin/../lib/gcc/arm-none-eabi/10.3.1/../../../../arm-none-eabi/lib/thumb/v7e-m/nofp\libm.a
END GROUP
START GROUP
LOAD c:/st/stm32cubeide_1.12.0/stm32cubeide/plugins/com.st.stm32cube.ide.mcu.externaltools.gnu-tools-for-stm32.10.3-2021.10.win32_1.0.200.202301161003/tools/bin/../lib/gcc/arm-none-eabi/10.3.1/thumb/v7e-m/nofp\libgcc.a
LOAD c:/st/stm32cubeide_1.12.0/stm32cubeide/plugins/com.st.stm32cube.ide.mcu.externaltools.gnu-tools-for-stm32.10.3-2021.10.win32_1.0.200.202301161003/tools/bin/../lib/gcc/arm-none-eabi/10.3.1/../../../../arm-none-eabi/lib/thumb/v7e-m/nofp\libc_nano.a
END GROUP
START GROUP
LOAD c:/st/stm32cubeide_1.12.0/stm32cubeide/plugins/com.st.stm32cube.ide.mcu.externaltools.gnu-tools-for-stm32.10.3-2021.10.win32_1.0.200.202301161003/tools/bin/../lib/gcc/arm-none-eabi/10.3.1/thumb/v7e-m/nofp\libgcc.a
LOAD c:/st/stm32cubeide_1.12.0/stm32cubeide/plugins/com.st.stm32cube.ide.mcu.externaltools.gnu-tools-for-stm32.10.3-2021.10.win32_1.0.200.202301161003/tools/bin/../lib/gcc/arm-none-eabi/10.3.1/../../../../arm-none-eabi/lib/thumb/v7e-m/nofp\libc_nano.a
LOAD c:/st/stm32cubeide_1.12.0/stm32cubeide/plugins/com.st.stm32cube.ide.mcu.externaltools.gnu-tools-for-stm32.10.3-2021.10.win32_1.0.200.202301161003/tools/bin/../lib/gcc/arm-none-eabi/10.3.1/../../../../arm-none-eabi/lib/thumb/v7e-m/nofp\libnosys.a
END GROUP
START GROUP
LOAD c:/st/stm32cubeide_1.12.0/stm32cubeide/plugins/com.st.stm32cube.ide.mcu.externaltools.gnu-tools-for-stm32.10.3-2021.10.win32_1.0.200.202301161003/tools/bin/../lib/gcc/arm-none-eabi/10.3.1/thumb/v7e-m/nofp\libgcc.a
LOAD c:/st/stm32cubeide_1.12.0/stm32cubeide/plugins/com.st.stm32cube.ide.mcu.externaltools.gnu-tools-for-stm32.10.3-2021.10.win32_1.0.200.202301161003/tools/bin/../lib/gcc/arm-none-eabi/10.3.1/../../../../arm-none-eabi/lib/thumb/v7e-m/nofp\libc_nano.a
LOAD c:/st/stm32cubeide_1.12.0/stm32cubeide/plugins/com.st.stm32cube.ide.mcu.externaltools.gnu-tools-for-stm32.10.3-2021.10.win32_1.0.200.202301161003/tools/bin/../lib/gcc/arm-none-eabi/10.3.1/../../../../arm-none-eabi/lib/thumb/v7e-m/nofp\libnosys.a
END GROUP
LOAD c:/st/stm32cubeide_1.12.0/stm32cubeide/plugins/com.st.stm32cube.ide.mcu.externaltools.gnu-tools-for-stm32.10.3-2021.10.win32_1.0.200.202301161003/tools/bin/../lib/gcc/arm-none-eabi/10.3.1/thumb/v7e-m/nofp/crtend.o
LOAD c:/st/stm32cubeide_1.12.0/stm32cubeide/plugins/com.st.stm32cube.ide.mcu.externaltools.gnu-tools-for-stm32.10.3-2021.10.win32_1.0.200.202301161003/tools/bin/../lib/gcc/arm-none-eabi/10.3.1/thumb/v7e-m/nofp/crtn.o
                0x000000002000c000                _estack = 0x2000c000
                0x0000000000000000                _Min_Heap_Size = 0x0
                0x0000000000000200                _Min_Stack_Size = 0x200

.isr_vector     0x0000000008000000      0x18c
                0x0000000008000000                . = ALIGN (0x4)
 *(.isr_vector)
 .isr_vector    0x0000000008000000      0x18c ./Src/startup_stm32l433xx.o
                0x0000000008000000                g_pfnVectors
                0x000000000800018c                . = ALIGN (0x4)

.text           0x0000000008000190     0x9380
                0x0000000008000190                . = ALIGN (0x4)
 *(.text)
 .text          0x0000000008000190       0x40 c:/st/stm32cubeide_1.12.0/stm32cubeide/plugins/com.st.stm32cube.ide.mcu.externaltools.gnu-tools-for-stm32.10.3-2021.10.win32_1.0.200.202301161003/tools/bin/../lib/gcc/arm-none-eabi/10.3.1/thumb/v7e-m/nofp/crtbegin.o
 .text          0x00000000080001d0      0x378 c:/st/stm32cubeide_1.12.0/stm32cubeide/plugins/com.st.stm32cube.ide.mcu.externaltools.gnu-tools-for-stm32.10.3-2021.10.win32_1.0.200.202301161003/tools/bin/../lib/gcc/arm-none-eabi/10.3.1/thumb/v7e-m/nofp\libgcc.a(_arm_addsubdf3.o)
                0x00000000080001d0                __aeabi_drsub
                0x00000000080001d8                __aeabi_dsub
                0x00000000080001d8                __subdf3
                0x00000000080001dc                __aeabi_dadd
                0x00000000080001dc                __adddf3
                0x0000000008000454                __floatunsidf
                0x0000000008000454                __aeabi_ui2d
                0x0000000008000474                __floatsidf
                0x0000000008000474                __aeabi_i2d
                0x0000000008000498                __aeabi_f2d
                0x0000000008000498                __extendsfdf2
                0x00000000080004dc                __floatundidf
                0x00000000080004dc                __aeabi_ul2d
                0x00000000080004ec                __floatdidf
                0x00000000080004ec                __aeabi_l2d
 .text          0x0000000008000548      0x424 c:/st/stm32cubeide_1.12.0/stm32cubeide/plugins/com.st.stm32cube.ide.mcu.externaltools.gnu-tools-for-stm32.10.3-2021.10.win32_1.0.200.202301161003/tools/bin/../lib/gcc/arm-none-eabi/10.3.1/thumb/v7e-m/nofp\libgcc.a(_arm_muldivdf3.o)
                0x0000000008000548                __aeabi_dmul
                0x0000000008000548                __muldf3
                0x000000000800079c                __divdf3
                0x000000000800079c                __aeabi_ddiv
 .text          0x000000000800096c      0x110 c:/st/stm32cubeide_1.12.0/stm32cubeide/plugins/com.st.stm32cube.ide.mcu.externaltools.gnu-tools-for-stm32.10.3-2021.10.win32_1.0.200.202301161003/tools/bin/../lib/gcc/arm-none-eabi/10.3.1/thumb/v7e-m/nofp\libgcc.a(_arm_cmpdf2.o)
                0x000000000800096c                __gtdf2
                0x000000000800096c                __gedf2
                0x0000000008000974                __ltdf2
                0x0000000008000974                __ledf2
                0x000000000800097c                __nedf2
                0x000000000800097c                __eqdf2
                0x000000000800097c                __cmpdf2
                0x00000000080009f8                __aeabi_cdrcmple
                0x0000000008000a08                __aeabi_cdcmpeq
                0x0000000008000a08                __aeabi_cdcmple
                0x0000000008000a18                __aeabi_dcmpeq
                0x0000000008000a2c                __aeabi_dcmplt
                0x0000000008000a40                __aeabi_dcmple
                0x0000000008000a54                __aeabi_dcmpge
                0x0000000008000a68                __aeabi_dcmpgt
 .text          0x0000000008000a7c       0x2c c:/st/stm32cubeide_1.12.0/stm32cubeide/plugins/com.st.stm32cube.ide.mcu.externaltools.gnu-tools-for-stm32.10.3-2021.10.win32_1.0.200.202301161003/tools/bin/../lib/gcc/arm-none-eabi/10.3.1/thumb/v7e-m/nofp\libgcc.a(_arm_unorddf2.o)
                0x0000000008000a7c                __unorddf2
                0x0000000008000a7c                __aeabi_dcmpun
 .text          0x0000000008000aa8       0xa0 c:/st/stm32cubeide_1.12.0/stm32cubeide/plugins/com.st.stm32cube.ide.mcu.externaltools.gnu-tools-for-stm32.10.3-2021.10.win32_1.0.200.202301161003/tools/bin/../lib/gcc/arm-none-eabi/10.3.1/thumb/v7e-m/nofp\libgcc.a(_arm_truncdfsf2.o)
                0x0000000008000aa8                __truncdfsf2
                0x0000000008000aa8                __aeabi_d2f
 .text          0x0000000008000b48      0x21c c:/st/stm32cubeide_1.12.0/stm32cubeide/plugins/com.st.stm32cube.ide.mcu.externaltools.gnu-tools-for-stm32.10.3-2021.10.win32_1.0.200.202301161003/tools/bin/../lib/gcc/arm-none-eabi/10.3.1/thumb/v7e-m/nofp\libgcc.a(_arm_addsubsf3.o)
                0x0000000008000b48                __aeabi_frsub
                0x0000000008000b50                __subsf3
                0x0000000008000b50                __aeabi_fsub
                0x0000000008000b54                __aeabi_fadd
                0x0000000008000b54                __addsf3
                0x0000000008000cb4                __aeabi_ui2f
                0x0000000008000cb4                __floatunsisf
                0x0000000008000cbc                __aeabi_i2f
                0x0000000008000cbc                __floatsisf
                0x0000000008000cd8                __aeabi_ul2f
                0x0000000008000cd8                __floatundisf
                0x0000000008000ce8                __aeabi_l2f
                0x0000000008000ce8                __floatdisf
 .text          0x0000000008000d64      0x2a0 c:/st/stm32cubeide_1.12.0/stm32cubeide/plugins/com.st.stm32cube.ide.mcu.externaltools.gnu-tools-for-stm32.10.3-2021.10.win32_1.0.200.202301161003/tools/bin/../lib/gcc/arm-none-eabi/10.3.1/thumb/v7e-m/nofp\libgcc.a(_arm_muldivsf3.o)
                0x0000000008000d64                __mulsf3
                0x0000000008000d64                __aeabi_fmul
                0x0000000008000ecc                __aeabi_fdiv
                0x0000000008000ecc                __divsf3
 .text          0x0000000008001004       0xec c:/st/stm32cubeide_1.12.0/stm32cubeide/plugins/com.st.stm32cube.ide.mcu.externaltools.gnu-tools-for-stm32.10.3-2021.10.win32_1.0.200.202301161003/tools/bin/../lib/gcc/arm-none-eabi/10.3.1/thumb/v7e-m/nofp\libgcc.a(_arm_cmpsf2.o)
                0x0000000008001004                __gesf2
                0x0000000008001004                __gtsf2
                0x000000000800100c                __lesf2
                0x000000000800100c                __ltsf2
                0x0000000008001014                __nesf2
                0x0000000008001014                __eqsf2
                0x0000000008001014                __cmpsf2
                0x0000000008001074                __aeabi_cfrcmple
                0x000000000800107c                __aeabi_cfcmpeq
                0x000000000800107c                __aeabi_cfcmple
                0x000000000800108c                __aeabi_fcmpeq
                0x00000000080010a0                __aeabi_fcmplt
                0x00000000080010b4                __aeabi_fcmple
                0x00000000080010c8                __aeabi_fcmpge
                0x00000000080010dc                __aeabi_fcmpgt
 .text          0x00000000080010f0       0x4c c:/st/stm32cubeide_1.12.0/stm32cubeide/plugins/com.st.stm32cube.ide.mcu.externaltools.gnu-tools-for-stm32.10.3-2021.10.win32_1.0.200.202301161003/tools/bin/../lib/gcc/arm-none-eabi/10.3.1/thumb/v7e-m/nofp\libgcc.a(_arm_fixsfsi.o)
                0x00000000080010f0                __aeabi_f2iz
                0x00000000080010f0                __fixsfsi
 .text          0x000000000800113c       0x30 c:/st/stm32cubeide_1.12.0/stm32cubeide/plugins/com.st.stm32cube.ide.mcu.externaltools.gnu-tools-for-stm32.10.3-2021.10.win32_1.0.200.202301161003/tools/bin/../lib/gcc/arm-none-eabi/10.3.1/thumb/v7e-m/nofp\libgcc.a(_aeabi_uldivmod.o)
                0x000000000800113c                __aeabi_uldivmod
 .text          0x000000000800116c      0x2d0 c:/st/stm32cubeide_1.12.0/stm32cubeide/plugins/com.st.stm32cube.ide.mcu.externaltools.gnu-tools-for-stm32.10.3-2021.10.win32_1.0.200.202301161003/tools/bin/../lib/gcc/arm-none-eabi/10.3.1/thumb/v7e-m/nofp\libgcc.a(_udivmoddi4.o)
                0x000000000800116c                __udivmoddi4
 .text          0x000000000800143c        0x4 c:/st/stm32cubeide_1.12.0/stm32cubeide/plugins/com.st.stm32cube.ide.mcu.externaltools.gnu-tools-for-stm32.10.3-2021.10.win32_1.0.200.202301161003/tools/bin/../lib/gcc/arm-none-eabi/10.3.1/thumb/v7e-m/nofp\libgcc.a(_dvmd_tls.o)
                0x000000000800143c                __aeabi_idiv0
                0x000000000800143c                __aeabi_ldiv0
 *(.text*)
 .text.HAL_Init
                0x0000000008001440       0x1a ./HAL/src/stm32l4xx_hal.o
                0x0000000008001440                HAL_Init
 *fill*         0x000000000800145a        0x2 
 .text.HAL_InitTick
                0x000000000800145c       0x38 ./HAL/src/stm32l4xx_hal.o
                0x000000000800145c                HAL_InitTick
 .text.HAL_IncTick
                0x0000000008001494       0x1c ./HAL/src/stm32l4xx_hal.o
                0x0000000008001494                HAL_IncTick
 .text.HAL_GetTick
                0x00000000080014b0       0x14 ./HAL/src/stm32l4xx_hal.o
                0x00000000080014b0                HAL_GetTick
 .text.HAL_ADC_Init
                0x00000000080014c4      0x304 ./HAL/src/stm32l4xx_hal_adc.o
                0x00000000080014c4                HAL_ADC_Init
 .text.HAL_ADC_DeInit
                0x00000000080017c8      0x24c ./HAL/src/stm32l4xx_hal_adc.o
                0x00000000080017c8                HAL_ADC_DeInit
 .text.HAL_ADC_MspInit
                0x0000000008001a14       0x12 ./HAL/src/stm32l4xx_hal_adc.o
                0x0000000008001a14                HAL_ADC_MspInit
 .text.HAL_ADC_MspDeInit
                0x0000000008001a26       0x12 ./HAL/src/stm32l4xx_hal_adc.o
                0x0000000008001a26                HAL_ADC_MspDeInit
 .text.HAL_ADC_Start_DMA
                0x0000000008001a38      0x114 ./HAL/src/stm32l4xx_hal_adc.o
                0x0000000008001a38                HAL_ADC_Start_DMA
 .text.HAL_ADC_ErrorCallback
                0x0000000008001b4c       0x12 ./HAL/src/stm32l4xx_hal_adc.o
                0x0000000008001b4c                HAL_ADC_ErrorCallback
 *fill*         0x0000000008001b5e        0x2 
 .text.HAL_ADC_ConfigChannel
                0x0000000008001b60      0x77c ./HAL/src/stm32l4xx_hal_adc.o
                0x0000000008001b60                HAL_ADC_ConfigChannel
 .text.ADC_ConversionStop
                0x00000000080022dc      0x15c ./HAL/src/stm32l4xx_hal_adc.o
                0x00000000080022dc                ADC_ConversionStop
 .text.ADC_Enable
                0x0000000008002438       0xcc ./HAL/src/stm32l4xx_hal_adc.o
                0x0000000008002438                ADC_Enable
 .text.ADC_Disable
                0x0000000008002504       0xbe ./HAL/src/stm32l4xx_hal_adc.o
                0x0000000008002504                ADC_Disable
 .text.ADC_DMAConvCplt
                0x00000000080025c2       0xca ./HAL/src/stm32l4xx_hal_adc.o
                0x00000000080025c2                ADC_DMAConvCplt
 .text.ADC_DMAError
                0x000000000800268c       0x34 ./HAL/src/stm32l4xx_hal_adc.o
                0x000000000800268c                ADC_DMAError
 .text.HAL_ADCEx_Calibration_Start
                0x00000000080026c0       0xdc ./HAL/src/stm32l4xx_hal_adc_ex.o
                0x00000000080026c0                HAL_ADCEx_Calibration_Start
 .text.NVIC_SetPriorityGrouping
                0x000000000800279c       0x48 ./HAL/src/stm32l4xx_hal_cortex.o
 .text.NVIC_GetPriorityGrouping
                0x00000000080027e4       0x1c ./HAL/src/stm32l4xx_hal_cortex.o
 .text.NVIC_EnableIRQ
                0x0000000008002800       0x30 ./HAL/src/stm32l4xx_hal_cortex.o
 .text.NVIC_DisableIRQ
                0x0000000008002830       0x34 ./HAL/src/stm32l4xx_hal_cortex.o
 .text.NVIC_SetPriority
                0x0000000008002864       0x54 ./HAL/src/stm32l4xx_hal_cortex.o
 .text.NVIC_EncodePriority
                0x00000000080028b8       0x64 ./HAL/src/stm32l4xx_hal_cortex.o
 .text.NVIC_SystemReset
                0x000000000800291c       0x30 ./HAL/src/stm32l4xx_hal_cortex.o
 .text.SysTick_Config
                0x000000000800294c       0x44 ./HAL/src/stm32l4xx_hal_cortex.o
 .text.HAL_NVIC_SetPriorityGrouping
                0x0000000008002990       0x16 ./HAL/src/stm32l4xx_hal_cortex.o
                0x0000000008002990                HAL_NVIC_SetPriorityGrouping
 .text.HAL_NVIC_SetPriority
                0x00000000080029a6       0x38 ./HAL/src/stm32l4xx_hal_cortex.o
                0x00000000080029a6                HAL_NVIC_SetPriority
 .text.HAL_NVIC_EnableIRQ
                0x00000000080029de       0x1c ./HAL/src/stm32l4xx_hal_cortex.o
                0x00000000080029de                HAL_NVIC_EnableIRQ
 .text.HAL_NVIC_DisableIRQ
                0x00000000080029fa       0x1c ./HAL/src/stm32l4xx_hal_cortex.o
                0x00000000080029fa                HAL_NVIC_DisableIRQ
 .text.HAL_NVIC_SystemReset
                0x0000000008002a16        0xc ./HAL/src/stm32l4xx_hal_cortex.o
                0x0000000008002a16                HAL_NVIC_SystemReset
 .text.HAL_SYSTICK_Config
                0x0000000008002a22       0x18 ./HAL/src/stm32l4xx_hal_cortex.o
                0x0000000008002a22                HAL_SYSTICK_Config
 *fill*         0x0000000008002a3a        0x2 
 .text.HAL_SYSTICK_CLKSourceConfig
                0x0000000008002a3c       0x38 ./HAL/src/stm32l4xx_hal_cortex.o
                0x0000000008002a3c                HAL_SYSTICK_CLKSourceConfig
 .text.HAL_SYSTICK_IRQHandler
                0x0000000008002a74        0xc ./HAL/src/stm32l4xx_hal_cortex.o
                0x0000000008002a74                HAL_SYSTICK_IRQHandler
 .text.HAL_SYSTICK_Callback
                0x0000000008002a80        0xc ./HAL/src/stm32l4xx_hal_cortex.o
                0x0000000008002a80                HAL_SYSTICK_Callback
 .text.HAL_DMA_Init
                0x0000000008002a8c      0x17c ./HAL/src/stm32l4xx_hal_dma.o
                0x0000000008002a8c                HAL_DMA_Init
 .text.HAL_DMA_DeInit
                0x0000000008002c08      0x100 ./HAL/src/stm32l4xx_hal_dma.o
                0x0000000008002c08                HAL_DMA_DeInit
 .text.HAL_DMA_Start_IT
                0x0000000008002d08       0xc0 ./HAL/src/stm32l4xx_hal_dma.o
                0x0000000008002d08                HAL_DMA_Start_IT
 .text.HAL_DMA_IRQHandler
                0x0000000008002dc8      0x146 ./HAL/src/stm32l4xx_hal_dma.o
                0x0000000008002dc8                HAL_DMA_IRQHandler
 .text.DMA_SetConfig
                0x0000000008002f0e       0x5a ./HAL/src/stm32l4xx_hal_dma.o
 .text.HAL_FLASH_Program
                0x0000000008002f68       0xdc ./HAL/src/stm32l4xx_hal_flash.o
                0x0000000008002f68                HAL_FLASH_Program
 .text.HAL_FLASH_Unlock
                0x0000000008003044       0x34 ./HAL/src/stm32l4xx_hal_flash.o
                0x0000000008003044                HAL_FLASH_Unlock
 .text.HAL_FLASH_Lock
                0x0000000008003078       0x20 ./HAL/src/stm32l4xx_hal_flash.o
                0x0000000008003078                HAL_FLASH_Lock
 .text.FLASH_WaitForLastOperation
                0x0000000008003098      0x100 ./HAL/src/stm32l4xx_hal_flash.o
                0x0000000008003098                FLASH_WaitForLastOperation
 .text.FLASH_SetErrorCode
                0x0000000008003198      0x15c ./HAL/src/stm32l4xx_hal_flash.o
 .text.FLASH_Program_DoubleWord
                0x00000000080032f4       0x44 ./HAL/src/stm32l4xx_hal_flash.o
 .text.FLASH_Program_Fast
                0x0000000008003338       0x54 ./HAL/src/stm32l4xx_hal_flash.o
 .text.HAL_FLASHEx_Erase
                0x000000000800338c      0x148 ./HAL/src/stm32l4xx_hal_flash_ex.o
                0x000000000800338c                HAL_FLASHEx_Erase
 .text.FLASH_MassErase
                0x00000000080034d4       0x38 ./HAL/src/stm32l4xx_hal_flash_ex.o
 .text.FLASH_PageErase
                0x000000000800350c       0x58 ./HAL/src/stm32l4xx_hal_flash_ex.o
                0x000000000800350c                FLASH_PageErase
 .text.FLASH_FlushCaches
                0x0000000008003564       0x8c ./HAL/src/stm32l4xx_hal_flash_ex.o
                0x0000000008003564                FLASH_FlushCaches
 .text.HAL_GPIO_Init
                0x00000000080035f0      0x2fc ./HAL/src/stm32l4xx_hal_gpio.o
                0x00000000080035f0                HAL_GPIO_Init
 .text.HAL_GPIO_DeInit
                0x00000000080038ec      0x1bc ./HAL/src/stm32l4xx_hal_gpio.o
                0x00000000080038ec                HAL_GPIO_DeInit
 .text.HAL_GPIO_ReadPin
                0x0000000008003aa8       0x2e ./HAL/src/stm32l4xx_hal_gpio.o
                0x0000000008003aa8                HAL_GPIO_ReadPin
 .text.HAL_GPIO_WritePin
                0x0000000008003ad6       0x2e ./HAL/src/stm32l4xx_hal_gpio.o
                0x0000000008003ad6                HAL_GPIO_WritePin
 .text.HAL_IWDG_Init
                0x0000000008003b04       0x8c ./HAL/src/stm32l4xx_hal_iwdg.o
                0x0000000008003b04                HAL_IWDG_Init
 .text.HAL_IWDG_Refresh
                0x0000000008003b90       0x1e ./HAL/src/stm32l4xx_hal_iwdg.o
                0x0000000008003b90                HAL_IWDG_Refresh
 *fill*         0x0000000008003bae        0x2 
 .text.HAL_MspInit
                0x0000000008003bb0       0x44 ./HAL/src/stm32l4xx_hal_msp_template.o
                0x0000000008003bb0                HAL_MspInit
 .text.HAL_PWR_EnableBkUpAccess
                0x0000000008003bf4       0x1c ./HAL/src/stm32l4xx_hal_pwr.o
                0x0000000008003bf4                HAL_PWR_EnableBkUpAccess
 .text.HAL_PWREx_GetVoltageRange
                0x0000000008003c10       0x18 ./HAL/src/stm32l4xx_hal_pwr_ex.o
                0x0000000008003c10                HAL_PWREx_GetVoltageRange
 .text.HAL_PWREx_ControlVoltageScaling
                0x0000000008003c28       0xac ./HAL/src/stm32l4xx_hal_pwr_ex.o
                0x0000000008003c28                HAL_PWREx_ControlVoltageScaling
 .text.HAL_PWREx_EnterSTOP2Mode
                0x0000000008003cd4       0x5c ./HAL/src/stm32l4xx_hal_pwr_ex.o
                0x0000000008003cd4                HAL_PWREx_EnterSTOP2Mode
 .text.HAL_RCC_OscConfig
                0x0000000008003d30      0x788 ./HAL/src/stm32l4xx_hal_rcc.o
                0x0000000008003d30                HAL_RCC_OscConfig
 .text.HAL_RCC_ClockConfig
                0x00000000080044b8      0x244 ./HAL/src/stm32l4xx_hal_rcc.o
                0x00000000080044b8                HAL_RCC_ClockConfig
 .text.HAL_RCC_GetSysClockFreq
                0x00000000080046fc      0x1f4 ./HAL/src/stm32l4xx_hal_rcc.o
                0x00000000080046fc                HAL_RCC_GetSysClockFreq
 .text.HAL_RCC_GetHCLKFreq
                0x00000000080048f0       0x14 ./HAL/src/stm32l4xx_hal_rcc.o
                0x00000000080048f0                HAL_RCC_GetHCLKFreq
 .text.HAL_RCC_GetPCLK1Freq
                0x0000000008004904       0x44 ./HAL/src/stm32l4xx_hal_rcc.o
                0x0000000008004904                HAL_RCC_GetPCLK1Freq
 .text.HAL_RCC_GetPCLK2Freq
                0x0000000008004948       0x44 ./HAL/src/stm32l4xx_hal_rcc.o
                0x0000000008004948                HAL_RCC_GetPCLK2Freq
 .text.HAL_RCC_GetClockConfig
                0x000000000800498c       0x60 ./HAL/src/stm32l4xx_hal_rcc.o
                0x000000000800498c                HAL_RCC_GetClockConfig
 .text.RCC_SetFlashLatencyFromMSIRange
                0x00000000080049ec       0xc4 ./HAL/src/stm32l4xx_hal_rcc.o
 .text.HAL_RTC_Init
                0x0000000008004ab0      0x106 ./HAL/src/stm32l4xx_hal_rtc.o
                0x0000000008004ab0                HAL_RTC_Init
 *fill*         0x0000000008004bb6        0x2 
 .text.HAL_RTC_DeInit
                0x0000000008004bb8      0x15c ./HAL/src/stm32l4xx_hal_rtc.o
                0x0000000008004bb8                HAL_RTC_DeInit
 .text.HAL_RTC_MspInit
                0x0000000008004d14       0x12 ./HAL/src/stm32l4xx_hal_rtc.o
                0x0000000008004d14                HAL_RTC_MspInit
 .text.HAL_RTC_MspDeInit
                0x0000000008004d26       0x12 ./HAL/src/stm32l4xx_hal_rtc.o
                0x0000000008004d26                HAL_RTC_MspDeInit
 .text.HAL_RTC_WaitForSynchro
                0x0000000008004d38       0x50 ./HAL/src/stm32l4xx_hal_rtc.o
                0x0000000008004d38                HAL_RTC_WaitForSynchro
 .text.RTC_EnterInitMode
                0x0000000008004d88       0x58 ./HAL/src/stm32l4xx_hal_rtc.o
                0x0000000008004d88                RTC_EnterInitMode
 .text.HAL_RTCEx_SetWakeUpTimer_IT
                0x0000000008004de0      0x168 ./HAL/src/stm32l4xx_hal_rtc_ex.o
                0x0000000008004de0                HAL_RTCEx_SetWakeUpTimer_IT
 .text.HAL_RTCEx_WakeUpTimerIRQHandler
                0x0000000008004f48       0x4c ./HAL/src/stm32l4xx_hal_rtc_ex.o
                0x0000000008004f48                HAL_RTCEx_WakeUpTimerIRQHandler
 .text.HAL_SPI_Init
                0x0000000008004f94      0x114 ./HAL/src/stm32l4xx_hal_spi.o
                0x0000000008004f94                HAL_SPI_Init
 .text.HAL_SPI_DeInit
                0x00000000080050a8       0x50 ./HAL/src/stm32l4xx_hal_spi.o
                0x00000000080050a8                HAL_SPI_DeInit
 .text.HAL_SPI_MspInit
                0x00000000080050f8       0x12 ./HAL/src/stm32l4xx_hal_spi.o
                0x00000000080050f8                HAL_SPI_MspInit
 .text.HAL_SPI_MspDeInit
                0x000000000800510a       0x12 ./HAL/src/stm32l4xx_hal_spi.o
                0x000000000800510a                HAL_SPI_MspDeInit
 .text.HAL_TIM_Base_Init
                0x000000000800511c       0x56 ./HAL/src/stm32l4xx_hal_tim.o
                0x000000000800511c                HAL_TIM_Base_Init
 .text.HAL_TIM_Base_DeInit
                0x0000000008005172       0x60 ./HAL/src/stm32l4xx_hal_tim.o
                0x0000000008005172                HAL_TIM_Base_DeInit
 .text.HAL_TIM_Base_MspInit
                0x00000000080051d2       0x12 ./HAL/src/stm32l4xx_hal_tim.o
                0x00000000080051d2                HAL_TIM_Base_MspInit
 .text.HAL_TIM_Base_MspDeInit
                0x00000000080051e4       0x12 ./HAL/src/stm32l4xx_hal_tim.o
                0x00000000080051e4                HAL_TIM_Base_MspDeInit
 .text.HAL_TIM_Base_Start_IT
                0x00000000080051f6       0x34 ./HAL/src/stm32l4xx_hal_tim.o
                0x00000000080051f6                HAL_TIM_Base_Start_IT
 .text.HAL_TIM_IRQHandler
                0x000000000800522a      0x216 ./HAL/src/stm32l4xx_hal_tim.o
                0x000000000800522a                HAL_TIM_IRQHandler
 .text.HAL_TIM_PeriodElapsedCallback
                0x0000000008005440       0x12 ./HAL/src/stm32l4xx_hal_tim.o
                0x0000000008005440                HAL_TIM_PeriodElapsedCallback
 .text.HAL_TIM_OC_DelayElapsedCallback
                0x0000000008005452       0x12 ./HAL/src/stm32l4xx_hal_tim.o
                0x0000000008005452                HAL_TIM_OC_DelayElapsedCallback
 .text.HAL_TIM_IC_CaptureCallback
                0x0000000008005464       0x12 ./HAL/src/stm32l4xx_hal_tim.o
                0x0000000008005464                HAL_TIM_IC_CaptureCallback
 .text.HAL_TIM_PWM_PulseFinishedCallback
                0x0000000008005476       0x12 ./HAL/src/stm32l4xx_hal_tim.o
                0x0000000008005476                HAL_TIM_PWM_PulseFinishedCallback
 .text.HAL_TIM_TriggerCallback
                0x0000000008005488       0x12 ./HAL/src/stm32l4xx_hal_tim.o
                0x0000000008005488                HAL_TIM_TriggerCallback
 *fill*         0x000000000800549a        0x2 
 .text.TIM_Base_SetConfig
                0x000000000800549c       0xbc ./HAL/src/stm32l4xx_hal_tim.o
                0x000000000800549c                TIM_Base_SetConfig
 .text.HAL_TIMEx_CommutationCallback
                0x0000000008005558       0x12 ./HAL/src/stm32l4xx_hal_tim_ex.o
                0x0000000008005558                HAL_TIMEx_CommutationCallback
 .text.HAL_TIMEx_BreakCallback
                0x000000000800556a       0x12 ./HAL/src/stm32l4xx_hal_tim_ex.o
                0x000000000800556a                HAL_TIMEx_BreakCallback
 .text.HAL_UART_Init
                0x000000000800557c       0xa2 ./HAL/src/stm32l4xx_hal_uart.o
                0x000000000800557c                HAL_UART_Init
 .text.HAL_UART_DeInit
                0x000000000800561e       0x70 ./HAL/src/stm32l4xx_hal_uart.o
                0x000000000800561e                HAL_UART_DeInit
 .text.HAL_UART_MspInit
                0x000000000800568e       0x12 ./HAL/src/stm32l4xx_hal_uart.o
                0x000000000800568e                HAL_UART_MspInit
 .text.HAL_UART_MspDeInit
                0x00000000080056a0       0x12 ./HAL/src/stm32l4xx_hal_uart.o
                0x00000000080056a0                HAL_UART_MspDeInit
 *fill*         0x00000000080056b2        0x2 
 .text.UART_SetConfig
                0x00000000080056b4      0x654 ./HAL/src/stm32l4xx_hal_uart.o
                0x00000000080056b4                UART_SetConfig
 .text.UART_AdvFeatureConfig
                0x0000000008005d08      0x142 ./HAL/src/stm32l4xx_hal_uart.o
                0x0000000008005d08                UART_AdvFeatureConfig
 .text.UART_CheckIdleState
                0x0000000008005e4a       0x92 ./HAL/src/stm32l4xx_hal_uart.o
                0x0000000008005e4a                UART_CheckIdleState
 .text.UART_WaitOnFlagUntilTimeout
                0x0000000008005edc       0x94 ./HAL/src/stm32l4xx_hal_uart.o
                0x0000000008005edc                UART_WaitOnFlagUntilTimeout
 .text.ActivateScan
                0x0000000008005f70       0x58 ./Src/ADC.o
                0x0000000008005f70                ActivateScan
 .text.ADC1_Init
                0x0000000008005fc8      0x294 ./Src/ADC.o
                0x0000000008005fc8                ADC1_Init
 .text.DMA1_Channel1_IRQHandler
                0x000000000800625c       0x14 ./Src/ADC.o
                0x000000000800625c                DMA1_Channel1_IRQHandler
 .text.HAL_ADC_ConvCpltCallback
                0x0000000008006270       0x68 ./Src/ADC.o
                0x0000000008006270                HAL_ADC_ConvCpltCallback
 .text.Going_To_APP
                0x00000000080062d8       0xd0 ./Src/Common.o
                0x00000000080062d8                Going_To_APP
 .text.DevParms_Program_Flash
                0x00000000080063a8      0x1f8 ./Src/DvcPrm.o
                0x00000000080063a8                DevParms_Program_Flash
 .text.DevParms_Read_Flash
                0x00000000080065a0       0x82 ./Src/DvcPrm.o
                0x00000000080065a0                DevParms_Read_Flash
 .text.CRC_Calc_Flash_Data
                0x0000000008006622       0x44 ./Src/DvcPrm.o
                0x0000000008006622                CRC_Calc_Flash_Data
 .text.DevParms_Burn_Flash
                0x0000000008006666       0x7e ./Src/DvcPrm.o
                0x0000000008006666                DevParms_Burn_Flash
 .text.Flash_Calc_Version_CRC16
                0x00000000080066e4       0xdc ./Src/DvcPrm.o
                0x00000000080066e4                Flash_Calc_Version_CRC16
 .text.DevParms_Set_Default
                0x00000000080067c0      0x118 ./Src/DvcPrm.o
                0x00000000080067c0                DevParms_Set_Default
 .text.Get_Param_Size_Without_CRC
                0x00000000080068d8       0x2c ./Src/DvcPrm.o
                0x00000000080068d8                Get_Param_Size_Without_CRC
 .text.Flash_Init
                0x0000000008006904       0xc0 ./Src/FlashApp.o
                0x0000000008006904                Flash_Init
 .text.Flash_Erase_Sector
                0x00000000080069c4       0xfa ./Src/FlashApp.o
                0x00000000080069c4                Flash_Erase_Sector
 *fill*         0x0000000008006abe        0x2 
 .text.Flash_Write_Data
                0x0000000008006ac0       0x7c ./Src/FlashDrv.o
                0x0000000008006ac0                Flash_Write_Data
 .text.Flash_Read_Data
                0x0000000008006b3c       0xc0 ./Src/FlashDrv.o
                0x0000000008006b3c                Flash_Read_Data
 .text.SPI_Flash_SendByte
                0x0000000008006bfc       0x9c ./Src/FlashDrv.o
                0x0000000008006bfc                SPI_Flash_SendByte
 .text.CRC16_Clc
                0x0000000008006c98       0xb8 ./Src/FlashInnApp.o
                0x0000000008006c98                CRC16_Clc
 .text.Transfer_Version
                0x0000000008006d50      0x11c ./Src/FlashInnApp.o
                0x0000000008006d50                Transfer_Version
 .text.Inner_Flash_Erase
                0x0000000008006e6c       0x48 ./Src/FlashInnApp.o
                0x0000000008006e6c                Inner_Flash_Erase
 .text.Inner_Flash_Write_Version
                0x0000000008006eb4       0x68 ./Src/FlashInnApp.o
                0x0000000008006eb4                Inner_Flash_Write_Version
 .text.Inner_Flash_Write_Version_Mod
                0x0000000008006f1c       0xae ./Src/FlashInnApp.o
                0x0000000008006f1c                Inner_Flash_Write_Version_Mod
 .text.Inner_Flash_ClcCrc16
                0x0000000008006fca      0x1b8 ./Src/FlashInnApp.o
                0x0000000008006fca                Inner_Flash_ClcCrc16
 .text.Serial_PutString
                0x0000000008007182       0x2e ./Src/HostApp.o
                0x0000000008007182                Serial_PutString
 .text.Led_GPIO_Init
                0x00000000080071b0       0xc8 ./Src/LED.o
                0x00000000080071b0                Led_GPIO_Init
 .text.BlinkLed
                0x0000000008007278       0x60 ./Src/LED.o
                0x0000000008007278                BlinkLed
 .text.GPIO_Config_Params
                0x00000000080072d8       0x30 ./Src/LED.o
                0x00000000080072d8                GPIO_Config_Params
 .text.GPIO_Config_Params_AF
                0x0000000008007308       0x36 ./Src/LED.o
                0x0000000008007308                GPIO_Config_Params_AF
 .text.Error_Handler
                0x000000000800733e       0x1a ./Src/RST.o
                0x000000000800733e                Error_Handler
 .text.Disable_Interrupts
                0x0000000008007358        0xe ./Src/RST.o
                0x0000000008007358                Disable_Interrupts
 *fill*         0x0000000008007366        0x2 
 .text.Disable_Per_Clocks
                0x0000000008007368       0xac ./Src/RST.o
                0x0000000008007368                Disable_Per_Clocks
 .text.GPIO_Init
                0x0000000008007414       0xe8 ./Src/RST.o
                0x0000000008007414                GPIO_Init
 .text.Enable_GPIO_Clocks
                0x00000000080074fc      0x11c ./Src/RST.o
                0x00000000080074fc                Enable_GPIO_Clocks
 .text.Regulator_Init
                0x0000000008007618       0x48 ./Src/RST.o
                0x0000000008007618                Regulator_Init
 .text.Regulator_DeInit
                0x0000000008007660       0x48 ./Src/RST.o
                0x0000000008007660                Regulator_DeInit
 .text.GPS_GPIO_Close
                0x00000000080076a8       0x48 ./Src/RST.o
                0x00000000080076a8                GPS_GPIO_Close
 .text.DeInit_Peripherals
                0x00000000080076f0       0xac ./Src/RST.o
                0x00000000080076f0                DeInit_Peripherals
 .text.GPIO_Temperature
                0x000000000800779c       0x68 ./Src/RST.o
                0x000000000800779c                GPIO_Temperature
 .text.RTC_WkUp_Init
                0x0000000008007804       0x48 ./Src/RTC.o
                0x0000000008007804                RTC_WkUp_Init
 .text.RTC_WKUP_IRQHandler
                0x000000000800784c       0x14 ./Src/RTC.o
                0x000000000800784c                RTC_WKUP_IRQHandler
 .text.HAL_RTCEx_WakeUpTimerEventCallback
                0x0000000008007860       0x20 ./Src/RTC.o
                0x0000000008007860                HAL_RTCEx_WakeUpTimerEventCallback
 .text.RTC_Init
                0x0000000008007880      0x118 ./Src/RTC.o
                0x0000000008007880                RTC_Init
 .text.SPI2_Init
                0x0000000008007998      0x1cc ./Src/SPI.o
                0x0000000008007998                SPI2_Init
 .text.SPI2_DeInit
                0x0000000008007b64       0x14 ./Src/SPI.o
                0x0000000008007b64                SPI2_DeInit
 .text.TMR7_Set
                0x0000000008007b78       0x4c ./Src/TMRS.o
                0x0000000008007b78                TMR7_Set
 .text.TMR7_Sleep
                0x0000000008007bc4       0x34 ./Src/TMRS.o
                0x0000000008007bc4                TMR7_Sleep
 .text.TMR7_Init
                0x0000000008007bf8       0xc4 ./Src/TMRS.o
                0x0000000008007bf8                TMR7_Init
 .text.TMR2_Init
                0x0000000008007cbc       0xc4 ./Src/TMRS.o
                0x0000000008007cbc                TMR2_Init
 .text.TMR2_Set
                0x0000000008007d80       0x56 ./Src/TMRS.o
                0x0000000008007d80                TMR2_Set
 .text.TMR2_Sleep
                0x0000000008007dd6       0x32 ./Src/TMRS.o
                0x0000000008007dd6                TMR2_Sleep
 .text.TMR6_Init
                0x0000000008007e08       0xf0 ./Src/TMRS.o
                0x0000000008007e08                TMR6_Init
 .text.TIM6_DAC_IRQHandler
                0x0000000008007ef8       0x14 ./Src/TMRS.o
                0x0000000008007ef8                TIM6_DAC_IRQHandler
 .text.HAL_TIM_CallBack
                0x0000000008007f0c       0x24 ./Src/TMRS.o
                0x0000000008007f0c                HAL_TIM_CallBack
 .text.TMR6_Process_Handler
                0x0000000008007f30       0x80 ./Src/TMRS.o
                0x0000000008007f30                TMR6_Process_Handler
 .text.TMR16_Init
                0x0000000008007fb0       0xc4 ./Src/TMRS.o
                0x0000000008007fb0                TMR16_Init
 .text.TMR6_DeInit
                0x0000000008008074       0x14 ./Src/TMRS.o
                0x0000000008008074                TMR6_DeInit
 .text.TMR2_DeInit
                0x0000000008008088       0x14 ./Src/TMRS.o
                0x0000000008008088                TMR2_DeInit
 .text.TMR16_DeInit
                0x000000000800809c       0x14 ./Src/TMRS.o
                0x000000000800809c                TMR16_DeInit
 .text.TMR7_DeInit
                0x00000000080080b0       0x14 ./Src/TMRS.o
                0x00000000080080b0                TMR7_DeInit
 .text.USART1_Init
                0x00000000080080c4      0x118 ./Src/UART.o
                0x00000000080080c4                USART1_Init
 .text.USART1_DeInit
                0x00000000080081dc       0x14 ./Src/UART.o
                0x00000000080081dc                USART1_DeInit
 .text.SerialPutChar
                0x00000000080081f0       0x34 ./Src/UARTDrv.o
                0x00000000080081f0                SerialPutChar
 .text.WaitForEndTx
                0x0000000008008224       0x44 ./Src/UARTDrv.o
                0x0000000008008224                WaitForEndTx
 .text.PrintVersion
                0x0000000008008268       0x14 ./Src/main.o
                0x0000000008008268                PrintVersion
 .text.main     0x000000000800827c      0x44c ./Src/main.o
                0x000000000800827c                main
 .text.ConvertMeasurementUnits
                0x00000000080086c8      0x2e8 ./Src/main.o
                0x00000000080086c8                ConvertMeasurementUnits
 .text.TestVoltage
                0x00000000080089b0      0x120 ./Src/main.o
                0x00000000080089b0                TestVoltage
 .text.CheckVoltages
                0x0000000008008ad0       0xd0 ./Src/main.o
                0x0000000008008ad0                CheckVoltages
 .text.BlinkSequence
                0x0000000008008ba0       0x38 ./Src/main.o
                0x0000000008008ba0                BlinkSequence
 .text.AllLights
                0x0000000008008bd8       0x50 ./Src/main.o
                0x0000000008008bd8                AllLights
 .text.SystemClock_Config
                0x0000000008008c28       0xb0 ./Src/main.o
                0x0000000008008c28                SystemClock_Config
 .text.WD_Init  0x0000000008008cd8       0x44 ./Src/main.o
                0x0000000008008cd8                WD_Init
 .text.WD_Refresh
                0x0000000008008d1c       0x14 ./Src/main.o
                0x0000000008008d1c                WD_Refresh
 .text.Reset_Handler
                0x0000000008008d30       0x50 ./Src/startup_stm32l433xx.o
                0x0000000008008d30                Reset_Handler
 .text.Default_Handler
                0x0000000008008d80        0x2 ./Src/startup_stm32l433xx.o
                0x0000000008008d80                RTC_Alarm_IRQHandler
                0x0000000008008d80                EXTI2_IRQHandler
                0x0000000008008d80                TIM1_CC_IRQHandler
                0x0000000008008d80                TSC_IRQHandler
                0x0000000008008d80                TAMP_STAMP_IRQHandler
                0x0000000008008d80                EXTI3_IRQHandler
                0x0000000008008d80                LPTIM2_IRQHandler
                0x0000000008008d80                I2C3_ER_IRQHandler
                0x0000000008008d80                EXTI0_IRQHandler
                0x0000000008008d80                I2C2_EV_IRQHandler
                0x0000000008008d80                CAN1_RX0_IRQHandler
                0x0000000008008d80                FPU_IRQHandler
                0x0000000008008d80                TIM1_UP_TIM16_IRQHandler
                0x0000000008008d80                SPI1_IRQHandler
                0x0000000008008d80                DMA2_Channel2_IRQHandler
                0x0000000008008d80                DMA1_Channel4_IRQHandler
                0x0000000008008d80                ADC1_IRQHandler
                0x0000000008008d80                USART3_IRQHandler
                0x0000000008008d80                DMA1_Channel7_IRQHandler
                0x0000000008008d80                CAN1_RX1_IRQHandler
                0x0000000008008d80                LCD_IRQHandler
                0x0000000008008d80                DMA2_Channel1_IRQHandler
                0x0000000008008d80                QUADSPI_IRQHandler
                0x0000000008008d80                I2C1_EV_IRQHandler
                0x0000000008008d80                DMA1_Channel6_IRQHandler
                0x0000000008008d80                DMA2_Channel4_IRQHandler
                0x0000000008008d80                RCC_IRQHandler
                0x0000000008008d80                TIM1_TRG_COM_IRQHandler
                0x0000000008008d80                Default_Handler
                0x0000000008008d80                DMA2_Channel7_IRQHandler
                0x0000000008008d80                EXTI15_10_IRQHandler
                0x0000000008008d80                TIM7_IRQHandler
                0x0000000008008d80                SDMMC1_IRQHandler
                0x0000000008008d80                I2C3_EV_IRQHandler
                0x0000000008008d80                USB_IRQHandler
                0x0000000008008d80                EXTI9_5_IRQHandler
                0x0000000008008d80                PVD_PVM_IRQHandler
                0x0000000008008d80                SPI2_IRQHandler
                0x0000000008008d80                CAN1_TX_IRQHandler
                0x0000000008008d80                DMA2_Channel5_IRQHandler
                0x0000000008008d80                CRS_IRQHandler
                0x0000000008008d80                DMA1_Channel5_IRQHandler
                0x0000000008008d80                EXTI4_IRQHandler
                0x0000000008008d80                RNG_IRQHandler
                0x0000000008008d80                DMA1_Channel3_IRQHandler
                0x0000000008008d80                COMP_IRQHandler
                0x0000000008008d80                WWDG_IRQHandler
                0x0000000008008d80                LPUART1_IRQHandler
                0x0000000008008d80                DMA2_Channel6_IRQHandler
                0x0000000008008d80                TIM2_IRQHandler
                0x0000000008008d80                EXTI1_IRQHandler
                0x0000000008008d80                USART2_IRQHandler
                0x0000000008008d80                I2C2_ER_IRQHandler
                0x0000000008008d80                DMA1_Channel2_IRQHandler
                0x0000000008008d80                CAN1_SCE_IRQHandler
                0x0000000008008d80                FLASH_IRQHandler
                0x0000000008008d80                USART1_IRQHandler
                0x0000000008008d80                SPI3_IRQHandler
                0x0000000008008d80                I2C1_ER_IRQHandler
                0x0000000008008d80                SWPMI1_IRQHandler
                0x0000000008008d80                LPTIM1_IRQHandler
                0x0000000008008d80                SAI1_IRQHandler
                0x0000000008008d80                DMA2_Channel3_IRQHandler
                0x0000000008008d80                TIM1_BRK_TIM15_IRQHandler
 .text.NMI_Handler
                0x0000000008008d82        0xc ./Src/stm32l4xx_it.o
                0x0000000008008d82                NMI_Handler
 .text.HardFault_Handler
                0x0000000008008d8e        0x6 ./Src/stm32l4xx_it.o
                0x0000000008008d8e                HardFault_Handler
 .text.MemManage_Handler
                0x0000000008008d94        0x6 ./Src/stm32l4xx_it.o
                0x0000000008008d94                MemManage_Handler
 .text.BusFault_Handler
                0x0000000008008d9a        0x6 ./Src/stm32l4xx_it.o
                0x0000000008008d9a                BusFault_Handler
 .text.UsageFault_Handler
                0x0000000008008da0        0x6 ./Src/stm32l4xx_it.o
                0x0000000008008da0                UsageFault_Handler
 .text.SVC_Handler
                0x0000000008008da6        0xc ./Src/stm32l4xx_it.o
                0x0000000008008da6                SVC_Handler
 .text.DebugMon_Handler
                0x0000000008008db2        0xc ./Src/stm32l4xx_it.o
                0x0000000008008db2                DebugMon_Handler
 .text.PendSV_Handler
                0x0000000008008dbe        0xc ./Src/stm32l4xx_it.o
                0x0000000008008dbe                PendSV_Handler
 .text.SysTick_Handler
                0x0000000008008dca       0x10 ./Src/stm32l4xx_it.o
                0x0000000008008dca                SysTick_Handler
 *fill*         0x0000000008008dda        0x2 
 .text.SystemInit
                0x0000000008008ddc       0x58 ./Src/system_stm32l4xx.o
                0x0000000008008ddc                SystemInit
 .text.ts_itoa  0x0000000008008e34       0x92 ./Src/tiny_printf.o
                0x0000000008008e34                ts_itoa
 *fill*         0x0000000008008ec6        0x2 
 .text.ts_formatstring
                0x0000000008008ec8      0x1ac ./Src/tiny_printf.o
                0x0000000008008ec8                ts_formatstring
 .text.siprintf
                0x0000000008009074       0x2c ./Src/tiny_printf.o
                0x0000000008009074                siprintf
                0x0000000008009074                sprintf
 .text.__libc_init_array
                0x00000000080090a0       0x48 c:/st/stm32cubeide_1.12.0/stm32cubeide/plugins/com.st.stm32cube.ide.mcu.externaltools.gnu-tools-for-stm32.10.3-2021.10.win32_1.0.200.202301161003/tools/bin/../lib/gcc/arm-none-eabi/10.3.1/../../../../arm-none-eabi/lib/thumb/v7e-m/nofp\libc_nano.a(lib_a-init.o)
                0x00000000080090a0                __libc_init_array
 .text.memcpy   0x00000000080090e8       0x1c c:/st/stm32cubeide_1.12.0/stm32cubeide/plugins/com.st.stm32cube.ide.mcu.externaltools.gnu-tools-for-stm32.10.3-2021.10.win32_1.0.200.202301161003/tools/bin/../lib/gcc/arm-none-eabi/10.3.1/../../../../arm-none-eabi/lib/thumb/v7e-m/nofp\libc_nano.a(lib_a-memcpy-stub.o)
                0x00000000080090e8                memcpy
 .text.memset   0x0000000008009104       0x10 c:/st/stm32cubeide_1.12.0/stm32cubeide/plugins/com.st.stm32cube.ide.mcu.externaltools.gnu-tools-for-stm32.10.3-2021.10.win32_1.0.200.202301161003/tools/bin/../lib/gcc/arm-none-eabi/10.3.1/../../../../arm-none-eabi/lib/thumb/v7e-m/nofp\libc_nano.a(lib_a-memset.o)
                0x0000000008009104                memset
 .text.__errno  0x0000000008009114        0xc c:/st/stm32cubeide_1.12.0/stm32cubeide/plugins/com.st.stm32cube.ide.mcu.externaltools.gnu-tools-for-stm32.10.3-2021.10.win32_1.0.200.202301161003/tools/bin/../lib/gcc/arm-none-eabi/10.3.1/../../../../arm-none-eabi/lib/thumb/v7e-m/nofp\libc_nano.a(lib_a-errno.o)
                0x0000000008009114                __errno
 .text.log      0x0000000008009120       0x64 c:/st/stm32cubeide_1.12.0/stm32cubeide/plugins/com.st.stm32cube.ide.mcu.externaltools.gnu-tools-for-stm32.10.3-2021.10.win32_1.0.200.202301161003/tools/bin/../lib/gcc/arm-none-eabi/10.3.1/../../../../arm-none-eabi/lib/thumb/v7e-m/nofp\libm.a(lib_a-w_log.o)
                0x0000000008009120                log
 *fill*         0x0000000008009184        0x4 
 .text.__ieee754_log
                0x0000000008009188      0x364 c:/st/stm32cubeide_1.12.0/stm32cubeide/plugins/com.st.stm32cube.ide.mcu.externaltools.gnu-tools-for-stm32.10.3-2021.10.win32_1.0.200.202301161003/tools/bin/../lib/gcc/arm-none-eabi/10.3.1/../../../../arm-none-eabi/lib/thumb/v7e-m/nofp\libm.a(lib_a-e_log.o)
                0x0000000008009188                __ieee754_log
 .text.nan      0x00000000080094ec        0xc c:/st/stm32cubeide_1.12.0/stm32cubeide/plugins/com.st.stm32cube.ide.mcu.externaltools.gnu-tools-for-stm32.10.3-2021.10.win32_1.0.200.202301161003/tools/bin/../lib/gcc/arm-none-eabi/10.3.1/../../../../arm-none-eabi/lib/thumb/v7e-m/nofp\libm.a(lib_a-s_nan.o)
                0x00000000080094ec                nan
 *(.glue_7)
 .glue_7        0x00000000080094f8        0x0 linker stubs
 *(.glue_7t)
 .glue_7t       0x00000000080094f8        0x0 linker stubs
 *(.eh_frame)
 .eh_frame      0x00000000080094f8        0x0 c:/st/stm32cubeide_1.12.0/stm32cubeide/plugins/com.st.stm32cube.ide.mcu.externaltools.gnu-tools-for-stm32.10.3-2021.10.win32_1.0.200.202301161003/tools/bin/../lib/gcc/arm-none-eabi/10.3.1/thumb/v7e-m/nofp/crtbegin.o
 *(.init)
 .init          0x00000000080094f8        0x4 c:/st/stm32cubeide_1.12.0/stm32cubeide/plugins/com.st.stm32cube.ide.mcu.externaltools.gnu-tools-for-stm32.10.3-2021.10.win32_1.0.200.202301161003/tools/bin/../lib/gcc/arm-none-eabi/10.3.1/thumb/v7e-m/nofp/crti.o
                0x00000000080094f8                _init
 .init          0x00000000080094fc        0x8 c:/st/stm32cubeide_1.12.0/stm32cubeide/plugins/com.st.stm32cube.ide.mcu.externaltools.gnu-tools-for-stm32.10.3-2021.10.win32_1.0.200.202301161003/tools/bin/../lib/gcc/arm-none-eabi/10.3.1/thumb/v7e-m/nofp/crtn.o
 *(.fini)
 .fini          0x0000000008009504        0x4 c:/st/stm32cubeide_1.12.0/stm32cubeide/plugins/com.st.stm32cube.ide.mcu.externaltools.gnu-tools-for-stm32.10.3-2021.10.win32_1.0.200.202301161003/tools/bin/../lib/gcc/arm-none-eabi/10.3.1/thumb/v7e-m/nofp/crti.o
                0x0000000008009504                _fini
 .fini          0x0000000008009508        0x8 c:/st/stm32cubeide_1.12.0/stm32cubeide/plugins/com.st.stm32cube.ide.mcu.externaltools.gnu-tools-for-stm32.10.3-2021.10.win32_1.0.200.202301161003/tools/bin/../lib/gcc/arm-none-eabi/10.3.1/thumb/v7e-m/nofp/crtn.o
                0x0000000008009510                . = ALIGN (0x4)
                0x0000000008009510                _etext = .

.vfp11_veneer   0x0000000008009510        0x0
 .vfp11_veneer  0x0000000008009510        0x0 linker stubs

.v4_bx          0x0000000008009510        0x0
 .v4_bx         0x0000000008009510        0x0 linker stubs

.iplt           0x0000000008009510        0x0
 .iplt          0x0000000008009510        0x0 c:/st/stm32cubeide_1.12.0/stm32cubeide/plugins/com.st.stm32cube.ide.mcu.externaltools.gnu-tools-for-stm32.10.3-2021.10.win32_1.0.200.202301161003/tools/bin/../lib/gcc/arm-none-eabi/10.3.1/thumb/v7e-m/nofp/crtbegin.o

.rodata         0x0000000008009510      0x3d4
                0x0000000008009510                . = ALIGN (0x4)
 *(.rodata)
 .rodata        0x0000000008009510       0x21 ./Src/DvcPrm.o
 *fill*         0x0000000008009531        0x3 
 .rodata        0x0000000008009534        0xc ./Src/FlashApp.o
 .rodata        0x0000000008009540       0x10 ./Src/FlashInnApp.o
 .rodata        0x0000000008009550      0x347 ./Src/main.o
 *(.rodata*)
 *fill*         0x0000000008009897        0x1 
 .rodata.AHBPrescTable
                0x0000000008009898       0x10 ./Src/system_stm32l4xx.o
                0x0000000008009898                AHBPrescTable
 .rodata.APBPrescTable
                0x00000000080098a8        0x8 ./Src/system_stm32l4xx.o
                0x00000000080098a8                APBPrescTable
 .rodata.MSIRangeTable
                0x00000000080098b0       0x30 ./Src/system_stm32l4xx.o
                0x00000000080098b0                MSIRangeTable
 .rodata.log.str1.1
                0x00000000080098e0        0x1 c:/st/stm32cubeide_1.12.0/stm32cubeide/plugins/com.st.stm32cube.ide.mcu.externaltools.gnu-tools-for-stm32.10.3-2021.10.win32_1.0.200.202301161003/tools/bin/../lib/gcc/arm-none-eabi/10.3.1/../../../../arm-none-eabi/lib/thumb/v7e-m/nofp\libm.a(lib_a-w_log.o)
                0x00000000080098e4                . = ALIGN (0x4)
 *fill*         0x00000000080098e1        0x3 

.ARM.extab
 *(.ARM.extab* .gnu.linkonce.armextab.*)

.ARM            0x00000000080098e4        0x8
                0x00000000080098e4                __exidx_start = .
 *(.ARM.exidx*)
 .ARM.exidx     0x00000000080098e4        0x8 c:/st/stm32cubeide_1.12.0/stm32cubeide/plugins/com.st.stm32cube.ide.mcu.externaltools.gnu-tools-for-stm32.10.3-2021.10.win32_1.0.200.202301161003/tools/bin/../lib/gcc/arm-none-eabi/10.3.1/thumb/v7e-m/nofp\libgcc.a(_udivmoddi4.o)
                0x00000000080098ec                __exidx_end = .

.preinit_array  0x00000000080098ec        0x0
                0x00000000080098ec                PROVIDE (__preinit_array_start = .)
 *(.preinit_array*)
                0x00000000080098ec                PROVIDE (__preinit_array_end = .)

.init_array     0x00000000080098ec        0x4
                0x00000000080098ec                PROVIDE (__init_array_start = .)
 *(SORT_BY_NAME(.init_array.*))
 *(.init_array*)
 .init_array    0x00000000080098ec        0x4 c:/st/stm32cubeide_1.12.0/stm32cubeide/plugins/com.st.stm32cube.ide.mcu.externaltools.gnu-tools-for-stm32.10.3-2021.10.win32_1.0.200.202301161003/tools/bin/../lib/gcc/arm-none-eabi/10.3.1/thumb/v7e-m/nofp/crtbegin.o
                0x00000000080098f0                PROVIDE (__init_array_end = .)

.fini_array     0x00000000080098f0        0x4
                [!provide]                        PROVIDE (__fini_array_start = .)
 *(SORT_BY_NAME(.fini_array.*))
 *(.fini_array*)
 .fini_array    0x00000000080098f0        0x4 c:/st/stm32cubeide_1.12.0/stm32cubeide/plugins/com.st.stm32cube.ide.mcu.externaltools.gnu-tools-for-stm32.10.3-2021.10.win32_1.0.200.202301161003/tools/bin/../lib/gcc/arm-none-eabi/10.3.1/thumb/v7e-m/nofp/crtbegin.o
                [!provide]                        PROVIDE (__fini_array_end = .)

.boot_constants
                0x0000000008009ff0       0x10
 *(.boot_constants)
 .boot_constants
                0x0000000008009ff0       0x10 ./Src/main.o
                0x00000000080098f4                _sidata = LOADADDR (.data)

.rel.dyn        0x000000000800a000        0x0
 .rel.iplt      0x000000000800a000        0x0 c:/st/stm32cubeide_1.12.0/stm32cubeide/plugins/com.st.stm32cube.ide.mcu.externaltools.gnu-tools-for-stm32.10.3-2021.10.win32_1.0.200.202301161003/tools/bin/../lib/gcc/arm-none-eabi/10.3.1/thumb/v7e-m/nofp/crtbegin.o

.data           0x0000000020000000       0x68 load address 0x00000000080098f4
                0x0000000020000000                . = ALIGN (0x4)
                0x0000000020000000                _sdata = .
 *(.data)
 *(.data*)
 .data.SystemCoreClock
                0x0000000020000000        0x4 ./Src/system_stm32l4xx.o
                0x0000000020000000                SystemCoreClock
 .data._impure_ptr
                0x0000000020000004        0x4 c:/st/stm32cubeide_1.12.0/stm32cubeide/plugins/com.st.stm32cube.ide.mcu.externaltools.gnu-tools-for-stm32.10.3-2021.10.win32_1.0.200.202301161003/tools/bin/../lib/gcc/arm-none-eabi/10.3.1/../../../../arm-none-eabi/lib/thumb/v7e-m/nofp\libc_nano.a(lib_a-impure.o)
                0x0000000020000004                _impure_ptr
 .data.impure_data
                0x0000000020000008       0x60 c:/st/stm32cubeide_1.12.0/stm32cubeide/plugins/com.st.stm32cube.ide.mcu.externaltools.gnu-tools-for-stm32.10.3-2021.10.win32_1.0.200.202301161003/tools/bin/../lib/gcc/arm-none-eabi/10.3.1/../../../../arm-none-eabi/lib/thumb/v7e-m/nofp\libc_nano.a(lib_a-impure.o)
                0x0000000020000068                . = ALIGN (0x4)
                0x0000000020000068                _edata = .
                0x000000000800995c                _siram2 = LOADADDR (.ram2)

.igot.plt       0x0000000020000068        0x0 load address 0x000000000800995c
 .igot.plt      0x0000000020000068        0x0 c:/st/stm32cubeide_1.12.0/stm32cubeide/plugins/com.st.stm32cube.ide.mcu.externaltools.gnu-tools-for-stm32.10.3-2021.10.win32_1.0.200.202301161003/tools/bin/../lib/gcc/arm-none-eabi/10.3.1/thumb/v7e-m/nofp/crtbegin.o

.ram2           0x0000000000000000        0x0 load address 0x000000000800995c
                0x0000000000000000                . = ALIGN (0x4)
                0x0000000000000000                _sram2 = .
 *(.ram2)
 *(.ram2*)
                0x0000000000000000                . = ALIGN (0x4)
                0x0000000000000000                _eram2 = .
                0x0000000000000000                . = ALIGN (0x4)

.bss            0x0000000020000068      0xc50
                0x0000000020000068                _sbss = .
                0x0000000020000068                __bss_start__ = _sbss
 *(.bss)
 .bss           0x0000000020000068       0x1c c:/st/stm32cubeide_1.12.0/stm32cubeide/plugins/com.st.stm32cube.ide.mcu.externaltools.gnu-tools-for-stm32.10.3-2021.10.win32_1.0.200.202301161003/tools/bin/../lib/gcc/arm-none-eabi/10.3.1/thumb/v7e-m/nofp/crtbegin.o
 *(.bss*)
 .bss.uwTick    0x0000000020000084        0x4 ./HAL/src/stm32l4xx_hal.o
                0x0000000020000084                uwTick
 .bss.pFlash    0x0000000020000088       0x20 ./HAL/src/stm32l4xx_hal_flash.o
                0x0000000020000088                pFlash
 .bss.AdcHandle
                0x00000000200000a8       0x68 ./Src/ADC.o
                0x00000000200000a8                AdcHandle
 .bss.sConfig   0x0000000020000110       0x18 ./Src/ADC.o
                0x0000000020000110                sConfig
 .bss.I_dma1Cnl1
                0x0000000020000128       0x48 ./Src/ADC.o
                0x0000000020000128                I_dma1Cnl1
 .bss.measurements
                0x0000000020000170       0x18 ./Src/ADC.o
                0x0000000020000170                measurements
 .bss.ADC1CnvDat
                0x0000000020000188       0x10 ./Src/ADC.o
                0x0000000020000188                ADC1CnvDat
 .bss.GPIO_InitStructure
                0x0000000020000198       0x14 ./Src/ADC.o
                0x0000000020000198                GPIO_InitStructure
 .bss.adc_Sample_completed
                0x00000000200001ac        0x1 ./Src/ADC.o
 *fill*         0x00000000200001ad        0x3 
 .bss.count.0   0x00000000200001b0        0x4 ./Src/ADC.o
 .bss.Jump_To_Application
                0x00000000200001b4        0x4 ./Src/Common.o
                0x00000000200001b4                Jump_To_Application
 .bss.JumpAddress
                0x00000000200001b8        0x4 ./Src/Common.o
                0x00000000200001b8                JumpAddress
 .bss.I_DevicePrm
                0x00000000200001bc      0x14c ./Src/DvcPrm.o
                0x00000000200001bc                I_DevicePrm
 .bss.wrPrgBff.1
                0x0000000020000308      0x140 ./Src/DvcPrm.o
 .bss.rdPrgBff.0
                0x0000000020000448      0x140 ./Src/DvcPrm.o
 .bss.dRegPtr.0
                0x0000000020000588        0x4 ./Src/FlashDrv.o
 .bss.I_RtcHandle
                0x000000002000058c       0x24 ./Src/RTC.o
                0x000000002000058c                I_RtcHandle
 .bss.rtc_count
                0x00000000200005b0        0x4 ./Src/RTC.o
                0x00000000200005b0                rtc_count
 .bss.SPI2_Handle
                0x00000000200005b4       0x64 ./Src/SPI.o
                0x00000000200005b4                SPI2_Handle
 .bss.Tim2Handle
                0x0000000020000618       0x3c ./Src/TMRS.o
                0x0000000020000618                Tim2Handle
 .bss.Tim7Handle
                0x0000000020000654       0x3c ./Src/TMRS.o
                0x0000000020000654                Tim7Handle
 .bss.Tim6Handle
                0x0000000020000690       0x3c ./Src/TMRS.o
                0x0000000020000690                Tim6Handle
 .bss.Tim16Handle
                0x00000000200006cc       0x3c ./Src/TMRS.o
                0x00000000200006cc                Tim16Handle
 .bss.cntLed    0x0000000020000708        0x1 ./Src/TMRS.o
                0x0000000020000708                cntLed
 .bss.cntISR    0x0000000020000709        0x1 ./Src/TMRS.o
                0x0000000020000709                cntISR
 .bss.ledFinished
                0x000000002000070a        0x1 ./Src/TMRS.o
                0x000000002000070a                ledFinished
 *fill*         0x000000002000070b        0x1 
 .bss.I_Uart1Hndl
                0x000000002000070c       0x70 ./Src/UART.o
                0x000000002000070c                I_Uart1Hndl
 .bss.glbDatBuf
                0x000000002000077c      0x402 ./Src/main.o
                0x000000002000077c                glbDatBuf
 .bss.glbCrc16  0x0000000020000b7e        0x2 ./Src/main.o
                0x0000000020000b7e                glbCrc16
 .bss.general_str
                0x0000000020000b80      0x100 ./Src/main.o
                0x0000000020000b80                general_str
 .bss.charger_resistors_value
                0x0000000020000c80        0x1 ./Src/main.o
                0x0000000020000c80                charger_resistors_value
 .bss.success_code
                0x0000000020000c81        0x1 ./Src/main.o
                0x0000000020000c81                success_code
 *fill*         0x0000000020000c82        0x2 
 .bss.I_WD      0x0000000020000c84       0x10 ./Src/main.o
                0x0000000020000c84                I_WD
 .bss.measurements_res
                0x0000000020000c94       0x18 ./Src/main.o
                0x0000000020000c94                measurements_res
 .bss.hal_status
                0x0000000020000cac        0x1 ./Src/main.o
 *fill*         0x0000000020000cad        0x3 
 .bss.measure_count
                0x0000000020000cb0        0x4 ./Src/main.o
                0x0000000020000cb0                measure_count
 .bss.successive_voltage_count.0
                0x0000000020000cb4        0x1 ./Src/main.o
 *(COMMON)
                0x0000000020000cb8                . = ALIGN (0x4)
 *fill*         0x0000000020000cb5        0x3 
                0x0000000020000cb8                _ebss = .
                0x0000000020000cb8                __bss_end__ = _ebss

._user_heap_stack
                0x0000000020000cb8      0x200
                0x0000000020000cb8                . = ALIGN (0x4)
                [!provide]                        PROVIDE (end = .)
                [!provide]                        PROVIDE (_end = .)
                0x0000000020000cb8                . = (. + _Min_Heap_Size)
                0x0000000020000eb8                . = (. + _Min_Stack_Size)
 *fill*         0x0000000020000cb8      0x200 
                0x0000000020000eb8                . = ALIGN (0x4)

.memory_b1_text
 *(.mb1text)
 *(.mb1text*)
 *(.mb1rodata)
 *(.mb1rodata*)

/DISCARD/
 libc.a(*)
 libm.a(*)
 libgcc.a(*)

.ARM.attributes
                0x0000000000000000       0x2a
 *(.ARM.attributes)
 .ARM.attributes
                0x0000000000000000       0x1e c:/st/stm32cubeide_1.12.0/stm32cubeide/plugins/com.st.stm32cube.ide.mcu.externaltools.gnu-tools-for-stm32.10.3-2021.10.win32_1.0.200.202301161003/tools/bin/../lib/gcc/arm-none-eabi/10.3.1/thumb/v7e-m/nofp/crti.o
 .ARM.attributes
                0x000000000000001e       0x2e c:/st/stm32cubeide_1.12.0/stm32cubeide/plugins/com.st.stm32cube.ide.mcu.externaltools.gnu-tools-for-stm32.10.3-2021.10.win32_1.0.200.202301161003/tools/bin/../lib/gcc/arm-none-eabi/10.3.1/thumb/v7e-m/nofp/crtbegin.o
 .ARM.attributes
                0x000000000000004c       0x2e ./HAL/src/stm32l4xx_hal.o
 .ARM.attributes
                0x000000000000007a       0x2e ./HAL/src/stm32l4xx_hal_adc.o
 .ARM.attributes
                0x00000000000000a8       0x2e ./HAL/src/stm32l4xx_hal_adc_ex.o
 .ARM.attributes
                0x00000000000000d6       0x2e ./HAL/src/stm32l4xx_hal_cortex.o
 .ARM.attributes
                0x0000000000000104       0x2e ./HAL/src/stm32l4xx_hal_dma.o
 .ARM.attributes
                0x0000000000000132       0x2e ./HAL/src/stm32l4xx_hal_flash.o
 .ARM.attributes
                0x0000000000000160       0x2e ./HAL/src/stm32l4xx_hal_flash_ex.o
 .ARM.attributes
                0x000000000000018e       0x2e ./HAL/src/stm32l4xx_hal_gpio.o
 .ARM.attributes
                0x00000000000001bc       0x2e ./HAL/src/stm32l4xx_hal_iwdg.o
 .ARM.attributes
                0x00000000000001ea       0x2e ./HAL/src/stm32l4xx_hal_msp_template.o
 .ARM.attributes
                0x0000000000000218       0x2e ./HAL/src/stm32l4xx_hal_pwr.o
 .ARM.attributes
                0x0000000000000246       0x2e ./HAL/src/stm32l4xx_hal_pwr_ex.o
 .ARM.attributes
                0x0000000000000274       0x2e ./HAL/src/stm32l4xx_hal_rcc.o
 .ARM.attributes
                0x00000000000002a2       0x2e ./HAL/src/stm32l4xx_hal_rtc.o
 .ARM.attributes
                0x00000000000002d0       0x2e ./HAL/src/stm32l4xx_hal_rtc_ex.o
 .ARM.attributes
                0x00000000000002fe       0x2e ./HAL/src/stm32l4xx_hal_spi.o
 .ARM.attributes
                0x000000000000032c       0x2e ./HAL/src/stm32l4xx_hal_tim.o
 .ARM.attributes
                0x000000000000035a       0x2e ./HAL/src/stm32l4xx_hal_tim_ex.o
 .ARM.attributes
                0x0000000000000388       0x2e ./HAL/src/stm32l4xx_hal_uart.o
 .ARM.attributes
                0x00000000000003b6       0x2e ./Src/ADC.o
 .ARM.attributes
                0x00000000000003e4       0x2e ./Src/Common.o
 .ARM.attributes
                0x0000000000000412       0x2e ./Src/DvcPrm.o
 .ARM.attributes
                0x0000000000000440       0x2e ./Src/FlashApp.o
 .ARM.attributes
                0x000000000000046e       0x2e ./Src/FlashDrv.o
 .ARM.attributes
                0x000000000000049c       0x2e ./Src/FlashInnApp.o
 .ARM.attributes
                0x00000000000004ca       0x2e ./Src/HostApp.o
 .ARM.attributes
                0x00000000000004f8       0x2e ./Src/LED.o
 .ARM.attributes
                0x0000000000000526       0x2e ./Src/RST.o
 .ARM.attributes
                0x0000000000000554       0x2e ./Src/RTC.o
 .ARM.attributes
                0x0000000000000582       0x2e ./Src/SPI.o
 .ARM.attributes
                0x00000000000005b0       0x2e ./Src/TMRS.o
 .ARM.attributes
                0x00000000000005de       0x2e ./Src/UART.o
 .ARM.attributes
                0x000000000000060c       0x2e ./Src/UARTDrv.o
 .ARM.attributes
                0x000000000000063a       0x2e ./Src/main.o
 .ARM.attributes
                0x0000000000000668       0x21 ./Src/startup_stm32l433xx.o
 .ARM.attributes
                0x0000000000000689       0x2e ./Src/stm32l4xx_it.o
 .ARM.attributes
                0x00000000000006b7       0x2e ./Src/system_stm32l4xx.o
 .ARM.attributes
                0x00000000000006e5       0x2e ./Src/tiny_printf.o
 .ARM.attributes
                0x0000000000000713       0x2e c:/st/stm32cubeide_1.12.0/stm32cubeide/plugins/com.st.stm32cube.ide.mcu.externaltools.gnu-tools-for-stm32.10.3-2021.10.win32_1.0.200.202301161003/tools/bin/../lib/gcc/arm-none-eabi/10.3.1/../../../../arm-none-eabi/lib/thumb/v7e-m/nofp\libc_nano.a(lib_a-impure.o)
 .ARM.attributes
                0x0000000000000741       0x2e c:/st/stm32cubeide_1.12.0/stm32cubeide/plugins/com.st.stm32cube.ide.mcu.externaltools.gnu-tools-for-stm32.10.3-2021.10.win32_1.0.200.202301161003/tools/bin/../lib/gcc/arm-none-eabi/10.3.1/../../../../arm-none-eabi/lib/thumb/v7e-m/nofp\libc_nano.a(lib_a-init.o)
 .ARM.attributes
                0x000000000000076f       0x2e c:/st/stm32cubeide_1.12.0/stm32cubeide/plugins/com.st.stm32cube.ide.mcu.externaltools.gnu-tools-for-stm32.10.3-2021.10.win32_1.0.200.202301161003/tools/bin/../lib/gcc/arm-none-eabi/10.3.1/../../../../arm-none-eabi/lib/thumb/v7e-m/nofp\libc_nano.a(lib_a-memcpy-stub.o)
 .ARM.attributes
                0x000000000000079d       0x2e c:/st/stm32cubeide_1.12.0/stm32cubeide/plugins/com.st.stm32cube.ide.mcu.externaltools.gnu-tools-for-stm32.10.3-2021.10.win32_1.0.200.202301161003/tools/bin/../lib/gcc/arm-none-eabi/10.3.1/../../../../arm-none-eabi/lib/thumb/v7e-m/nofp\libc_nano.a(lib_a-memset.o)
 .ARM.attributes
                0x00000000000007cb       0x2e c:/st/stm32cubeide_1.12.0/stm32cubeide/plugins/com.st.stm32cube.ide.mcu.externaltools.gnu-tools-for-stm32.10.3-2021.10.win32_1.0.200.202301161003/tools/bin/../lib/gcc/arm-none-eabi/10.3.1/../../../../arm-none-eabi/lib/thumb/v7e-m/nofp\libc_nano.a(lib_a-errno.o)
 .ARM.attributes
                0x00000000000007f9       0x2e c:/st/stm32cubeide_1.12.0/stm32cubeide/plugins/com.st.stm32cube.ide.mcu.externaltools.gnu-tools-for-stm32.10.3-2021.10.win32_1.0.200.202301161003/tools/bin/../lib/gcc/arm-none-eabi/10.3.1/../../../../arm-none-eabi/lib/thumb/v7e-m/nofp\libm.a(lib_a-w_log.o)
 .ARM.attributes
                0x0000000000000827       0x2e c:/st/stm32cubeide_1.12.0/stm32cubeide/plugins/com.st.stm32cube.ide.mcu.externaltools.gnu-tools-for-stm32.10.3-2021.10.win32_1.0.200.202301161003/tools/bin/../lib/gcc/arm-none-eabi/10.3.1/../../../../arm-none-eabi/lib/thumb/v7e-m/nofp\libm.a(lib_a-e_log.o)
 .ARM.attributes
                0x0000000000000855       0x2e c:/st/stm32cubeide_1.12.0/stm32cubeide/plugins/com.st.stm32cube.ide.mcu.externaltools.gnu-tools-for-stm32.10.3-2021.10.win32_1.0.200.202301161003/tools/bin/../lib/gcc/arm-none-eabi/10.3.1/../../../../arm-none-eabi/lib/thumb/v7e-m/nofp\libm.a(lib_a-s_nan.o)
 .ARM.attributes
                0x0000000000000883       0x1e c:/st/stm32cubeide_1.12.0/stm32cubeide/plugins/com.st.stm32cube.ide.mcu.externaltools.gnu-tools-for-stm32.10.3-2021.10.win32_1.0.200.202301161003/tools/bin/../lib/gcc/arm-none-eabi/10.3.1/thumb/v7e-m/nofp\libgcc.a(_arm_addsubdf3.o)
 .ARM.attributes
                0x00000000000008a1       0x1e c:/st/stm32cubeide_1.12.0/stm32cubeide/plugins/com.st.stm32cube.ide.mcu.externaltools.gnu-tools-for-stm32.10.3-2021.10.win32_1.0.200.202301161003/tools/bin/../lib/gcc/arm-none-eabi/10.3.1/thumb/v7e-m/nofp\libgcc.a(_arm_muldivdf3.o)
 .ARM.attributes
                0x00000000000008bf       0x1e c:/st/stm32cubeide_1.12.0/stm32cubeide/plugins/com.st.stm32cube.ide.mcu.externaltools.gnu-tools-for-stm32.10.3-2021.10.win32_1.0.200.202301161003/tools/bin/../lib/gcc/arm-none-eabi/10.3.1/thumb/v7e-m/nofp\libgcc.a(_arm_cmpdf2.o)
 .ARM.attributes
                0x00000000000008dd       0x1e c:/st/stm32cubeide_1.12.0/stm32cubeide/plugins/com.st.stm32cube.ide.mcu.externaltools.gnu-tools-for-stm32.10.3-2021.10.win32_1.0.200.202301161003/tools/bin/../lib/gcc/arm-none-eabi/10.3.1/thumb/v7e-m/nofp\libgcc.a(_arm_unorddf2.o)
 .ARM.attributes
                0x00000000000008fb       0x1e c:/st/stm32cubeide_1.12.0/stm32cubeide/plugins/com.st.stm32cube.ide.mcu.externaltools.gnu-tools-for-stm32.10.3-2021.10.win32_1.0.200.202301161003/tools/bin/../lib/gcc/arm-none-eabi/10.3.1/thumb/v7e-m/nofp\libgcc.a(_arm_truncdfsf2.o)
 .ARM.attributes
                0x0000000000000919       0x1e c:/st/stm32cubeide_1.12.0/stm32cubeide/plugins/com.st.stm32cube.ide.mcu.externaltools.gnu-tools-for-stm32.10.3-2021.10.win32_1.0.200.202301161003/tools/bin/../lib/gcc/arm-none-eabi/10.3.1/thumb/v7e-m/nofp\libgcc.a(_arm_addsubsf3.o)
 .ARM.attributes
                0x0000000000000937       0x1e c:/st/stm32cubeide_1.12.0/stm32cubeide/plugins/com.st.stm32cube.ide.mcu.externaltools.gnu-tools-for-stm32.10.3-2021.10.win32_1.0.200.202301161003/tools/bin/../lib/gcc/arm-none-eabi/10.3.1/thumb/v7e-m/nofp\libgcc.a(_arm_muldivsf3.o)
 .ARM.attributes
                0x0000000000000955       0x1e c:/st/stm32cubeide_1.12.0/stm32cubeide/plugins/com.st.stm32cube.ide.mcu.externaltools.gnu-tools-for-stm32.10.3-2021.10.win32_1.0.200.202301161003/tools/bin/../lib/gcc/arm-none-eabi/10.3.1/thumb/v7e-m/nofp\libgcc.a(_arm_cmpsf2.o)
 .ARM.attributes
                0x0000000000000973       0x1e c:/st/stm32cubeide_1.12.0/stm32cubeide/plugins/com.st.stm32cube.ide.mcu.externaltools.gnu-tools-for-stm32.10.3-2021.10.win32_1.0.200.202301161003/tools/bin/../lib/gcc/arm-none-eabi/10.3.1/thumb/v7e-m/nofp\libgcc.a(_arm_fixsfsi.o)
 .ARM.attributes
                0x0000000000000991       0x1e c:/st/stm32cubeide_1.12.0/stm32cubeide/plugins/com.st.stm32cube.ide.mcu.externaltools.gnu-tools-for-stm32.10.3-2021.10.win32_1.0.200.202301161003/tools/bin/../lib/gcc/arm-none-eabi/10.3.1/thumb/v7e-m/nofp\libgcc.a(_aeabi_uldivmod.o)
 .ARM.attributes
                0x00000000000009af       0x2e c:/st/stm32cubeide_1.12.0/stm32cubeide/plugins/com.st.stm32cube.ide.mcu.externaltools.gnu-tools-for-stm32.10.3-2021.10.win32_1.0.200.202301161003/tools/bin/../lib/gcc/arm-none-eabi/10.3.1/thumb/v7e-m/nofp\libgcc.a(_udivmoddi4.o)
 .ARM.attributes
                0x00000000000009dd       0x1e c:/st/stm32cubeide_1.12.0/stm32cubeide/plugins/com.st.stm32cube.ide.mcu.externaltools.gnu-tools-for-stm32.10.3-2021.10.win32_1.0.200.202301161003/tools/bin/../lib/gcc/arm-none-eabi/10.3.1/thumb/v7e-m/nofp\libgcc.a(_dvmd_tls.o)
 .ARM.attributes
                0x00000000000009fb       0x1e c:/st/stm32cubeide_1.12.0/stm32cubeide/plugins/com.st.stm32cube.ide.mcu.externaltools.gnu-tools-for-stm32.10.3-2021.10.win32_1.0.200.202301161003/tools/bin/../lib/gcc/arm-none-eabi/10.3.1/thumb/v7e-m/nofp/crtn.o
OUTPUT(TinyBoot.elf elf32-littlearm)
LOAD linker stubs
LOAD c:/st/stm32cubeide_1.12.0/stm32cubeide/plugins/com.st.stm32cube.ide.mcu.externaltools.gnu-tools-for-stm32.10.3-2021.10.win32_1.0.200.202301161003/tools/bin/../lib/gcc/arm-none-eabi/10.3.1/../../../../arm-none-eabi/lib/thumb/v7e-m/nofp\libc.a
LOAD c:/st/stm32cubeide_1.12.0/stm32cubeide/plugins/com.st.stm32cube.ide.mcu.externaltools.gnu-tools-for-stm32.10.3-2021.10.win32_1.0.200.202301161003/tools/bin/../lib/gcc/arm-none-eabi/10.3.1/../../../../arm-none-eabi/lib/thumb/v7e-m/nofp\libm.a
LOAD c:/st/stm32cubeide_1.12.0/stm32cubeide/plugins/com.st.stm32cube.ide.mcu.externaltools.gnu-tools-for-stm32.10.3-2021.10.win32_1.0.200.202301161003/tools/bin/../lib/gcc/arm-none-eabi/10.3.1/thumb/v7e-m/nofp\libgcc.a

.debug_info     0x0000000000000000    0x1a889
 .debug_info    0x0000000000000000      0x9d9 ./HAL/src/stm32l4xx_hal.o
 .debug_info    0x00000000000009d9     0x1575 ./HAL/src/stm32l4xx_hal_adc.o
 .debug_info    0x0000000000001f4e     0x1286 ./HAL/src/stm32l4xx_hal_adc_ex.o
 .debug_info    0x00000000000031d4      0xd3e ./HAL/src/stm32l4xx_hal_cortex.o
 .debug_info    0x0000000000003f12      0x77c ./HAL/src/stm32l4xx_hal_dma.o
 .debug_info    0x000000000000468e      0x627 ./HAL/src/stm32l4xx_hal_flash.o
 .debug_info    0x0000000000004cb5      0x80a ./HAL/src/stm32l4xx_hal_flash_ex.o
 .debug_info    0x00000000000054bf      0x830 ./HAL/src/stm32l4xx_hal_gpio.o
 .debug_info    0x0000000000005cef      0x227 ./HAL/src/stm32l4xx_hal_iwdg.o
 .debug_info    0x0000000000005f16      0x34f ./HAL/src/stm32l4xx_hal_msp_template.o
 .debug_info    0x0000000000006265      0x9d9 ./HAL/src/stm32l4xx_hal_pwr.o
 .debug_info    0x0000000000006c3e      0xa08 ./HAL/src/stm32l4xx_hal_pwr_ex.o
 .debug_info    0x0000000000007646      0xf2e ./HAL/src/stm32l4xx_hal_rcc.o
 .debug_info    0x0000000000008574      0xce9 ./HAL/src/stm32l4xx_hal_rtc.o
 .debug_info    0x000000000000925d     0x10f4 ./HAL/src/stm32l4xx_hal_rtc_ex.o
 .debug_info    0x000000000000a351     0x1673 ./HAL/src/stm32l4xx_hal_spi.o
 .debug_info    0x000000000000b9c4     0x24da ./HAL/src/stm32l4xx_hal_tim.o
 .debug_info    0x000000000000de9e     0x12dd ./HAL/src/stm32l4xx_hal_tim_ex.o
 .debug_info    0x000000000000f17b     0x16fe ./HAL/src/stm32l4xx_hal_uart.o
 .debug_info    0x0000000000010879     0x127b ./Src/ADC.o
 .debug_info    0x0000000000011af4      0x799 ./Src/Common.o
 .debug_info    0x000000000001228d      0x752 ./Src/DvcPrm.o
 .debug_info    0x00000000000129df      0x32c ./Src/FlashApp.o
 .debug_info    0x0000000000012d0b      0x819 ./Src/FlashDrv.o
 .debug_info    0x0000000000013524      0x525 ./Src/FlashInnApp.o
 .debug_info    0x0000000000013a49      0x17f ./Src/HostApp.o
 .debug_info    0x0000000000013bc8      0x3af ./Src/LED.o
 .debug_info    0x0000000000013f77      0x8e7 ./Src/RST.o
 .debug_info    0x000000000001485e      0xd31 ./Src/RTC.o
 .debug_info    0x000000000001558f      0xacf ./Src/SPI.o
 .debug_info    0x000000000001605e     0x10bb ./Src/TMRS.o
 .debug_info    0x0000000000017119      0xae1 ./Src/UART.o
 .debug_info    0x0000000000017bfa      0x741 ./Src/UARTDrv.o
 .debug_info    0x000000000001833b     0x122b ./Src/main.o
 .debug_info    0x0000000000019566       0x22 ./Src/startup_stm32l433xx.o
 .debug_info    0x0000000000019588      0x12e ./Src/stm32l4xx_it.o
 .debug_info    0x00000000000196b6      0x5eb ./Src/system_stm32l4xx.o
 .debug_info    0x0000000000019ca1      0xbe8 ./Src/tiny_printf.o

.debug_abbrev   0x0000000000000000     0x4b15
 .debug_abbrev  0x0000000000000000      0x204 ./HAL/src/stm32l4xx_hal.o
 .debug_abbrev  0x0000000000000204      0x26a ./HAL/src/stm32l4xx_hal_adc.o
 .debug_abbrev  0x000000000000046e      0x2a8 ./HAL/src/stm32l4xx_hal_adc_ex.o
 .debug_abbrev  0x0000000000000716      0x2d8 ./HAL/src/stm32l4xx_hal_cortex.o
 .debug_abbrev  0x00000000000009ee      0x1dd ./HAL/src/stm32l4xx_hal_dma.o
 .debug_abbrev  0x0000000000000bcb      0x269 ./HAL/src/stm32l4xx_hal_flash.o
 .debug_abbrev  0x0000000000000e34      0x291 ./HAL/src/stm32l4xx_hal_flash_ex.o
 .debug_abbrev  0x00000000000010c5      0x1a5 ./HAL/src/stm32l4xx_hal_gpio.o
 .debug_abbrev  0x000000000000126a      0x150 ./HAL/src/stm32l4xx_hal_iwdg.o
 .debug_abbrev  0x00000000000013ba       0xd9 ./HAL/src/stm32l4xx_hal_msp_template.o
 .debug_abbrev  0x0000000000001493      0x1e8 ./HAL/src/stm32l4xx_hal_pwr.o
 .debug_abbrev  0x000000000000167b      0x251 ./HAL/src/stm32l4xx_hal_pwr_ex.o
 .debug_abbrev  0x00000000000018cc      0x305 ./HAL/src/stm32l4xx_hal_rcc.o
 .debug_abbrev  0x0000000000001bd1      0x1d3 ./HAL/src/stm32l4xx_hal_rtc.o
 .debug_abbrev  0x0000000000001da4      0x1e6 ./HAL/src/stm32l4xx_hal_rtc_ex.o
 .debug_abbrev  0x0000000000001f8a      0x24f ./HAL/src/stm32l4xx_hal_spi.o
 .debug_abbrev  0x00000000000021d9      0x282 ./HAL/src/stm32l4xx_hal_tim.o
 .debug_abbrev  0x000000000000245b      0x248 ./HAL/src/stm32l4xx_hal_tim_ex.o
 .debug_abbrev  0x00000000000026a3      0x277 ./HAL/src/stm32l4xx_hal_uart.o
 .debug_abbrev  0x000000000000291a      0x23c ./Src/ADC.o
 .debug_abbrev  0x0000000000002b56      0x27d ./Src/Common.o
 .debug_abbrev  0x0000000000002dd3      0x1d9 ./Src/DvcPrm.o
 .debug_abbrev  0x0000000000002fac       0xf9 ./Src/FlashApp.o
 .debug_abbrev  0x00000000000030a5      0x1b4 ./Src/FlashDrv.o
 .debug_abbrev  0x0000000000003259      0x151 ./Src/FlashInnApp.o
 .debug_abbrev  0x00000000000033aa      0x124 ./Src/HostApp.o
 .debug_abbrev  0x00000000000034ce      0x1d6 ./Src/LED.o
 .debug_abbrev  0x00000000000036a4      0x229 ./Src/RST.o
 .debug_abbrev  0x00000000000038cd      0x20b ./Src/RTC.o
 .debug_abbrev  0x0000000000003ad8      0x1df ./Src/SPI.o
 .debug_abbrev  0x0000000000003cb7      0x31c ./Src/TMRS.o
 .debug_abbrev  0x0000000000003fd3      0x1d4 ./Src/UART.o
 .debug_abbrev  0x00000000000041a7      0x190 ./Src/UARTDrv.o
 .debug_abbrev  0x0000000000004337      0x3a3 ./Src/main.o
 .debug_abbrev  0x00000000000046da       0x12 ./Src/startup_stm32l433xx.o
 .debug_abbrev  0x00000000000046ec       0x71 ./Src/stm32l4xx_it.o
 .debug_abbrev  0x000000000000475d      0x138 ./Src/system_stm32l4xx.o
 .debug_abbrev  0x0000000000004895      0x280 ./Src/tiny_printf.o

.debug_aranges  0x0000000000000000     0x1810
 .debug_aranges
                0x0000000000000000      0x100 ./HAL/src/stm32l4xx_hal.o
 .debug_aranges
                0x0000000000000100       0xf0 ./HAL/src/stm32l4xx_hal_adc.o
 .debug_aranges
                0x00000000000001f0       0xc8 ./HAL/src/stm32l4xx_hal_adc_ex.o
 .debug_aranges
                0x00000000000002b8      0x108 ./HAL/src/stm32l4xx_hal_cortex.o
 .debug_aranges
                0x00000000000003c0       0x80 ./HAL/src/stm32l4xx_hal_dma.o
 .debug_aranges
                0x0000000000000440       0x90 ./HAL/src/stm32l4xx_hal_flash.o
 .debug_aranges
                0x00000000000004d0       0x90 ./HAL/src/stm32l4xx_hal_flash_ex.o
 .debug_aranges
                0x0000000000000560       0x58 ./HAL/src/stm32l4xx_hal_gpio.o
 .debug_aranges
                0x00000000000005b8       0x28 ./HAL/src/stm32l4xx_hal_iwdg.o
 .debug_aranges
                0x00000000000005e0       0x38 ./HAL/src/stm32l4xx_hal_msp_template.o
 .debug_aranges
                0x0000000000000618       0x98 ./HAL/src/stm32l4xx_hal_pwr.o
 .debug_aranges
                0x00000000000006b0      0x120 ./HAL/src/stm32l4xx_hal_pwr_ex.o
 .debug_aranges
                0x00000000000007d0       0x88 ./HAL/src/stm32l4xx_hal_rcc.o
 .debug_aranges
                0x0000000000000858       0xb8 ./HAL/src/stm32l4xx_hal_rtc.o
 .debug_aranges
                0x0000000000000910      0x140 ./HAL/src/stm32l4xx_hal_rtc_ex.o
 .debug_aranges
                0x0000000000000a50      0x1d8 ./HAL/src/stm32l4xx_hal_spi.o
 .debug_aranges
                0x0000000000000c28      0x378 ./HAL/src/stm32l4xx_hal_tim.o
 .debug_aranges
                0x0000000000000fa0      0x150 ./HAL/src/stm32l4xx_hal_tim_ex.o
 .debug_aranges
                0x00000000000010f0      0x1e8 ./HAL/src/stm32l4xx_hal_uart.o
 .debug_aranges
                0x00000000000012d8       0x48 ./Src/ADC.o
 .debug_aranges
                0x0000000000001320       0x30 ./Src/Common.o
 .debug_aranges
                0x0000000000001350       0x50 ./Src/DvcPrm.o
 .debug_aranges
                0x00000000000013a0       0x30 ./Src/FlashApp.o
 .debug_aranges
                0x00000000000013d0       0x30 ./Src/FlashDrv.o
 .debug_aranges
                0x0000000000001400       0x48 ./Src/FlashInnApp.o
 .debug_aranges
                0x0000000000001448       0x30 ./Src/HostApp.o
 .debug_aranges
                0x0000000000001478       0x38 ./Src/LED.o
 .debug_aranges
                0x00000000000014b0       0x68 ./Src/RST.o
 .debug_aranges
                0x0000000000001518       0x38 ./Src/RTC.o
 .debug_aranges
                0x0000000000001550       0x28 ./Src/SPI.o
 .debug_aranges
                0x0000000000001578       0xa8 ./Src/TMRS.o
 .debug_aranges
                0x0000000000001620       0x28 ./Src/UART.o
 .debug_aranges
                0x0000000000001648       0x38 ./Src/UARTDrv.o
 .debug_aranges
                0x0000000000001680       0x80 ./Src/main.o
 .debug_aranges
                0x0000000000001700       0x28 ./Src/startup_stm32l433xx.o
 .debug_aranges
                0x0000000000001728       0x60 ./Src/stm32l4xx_it.o
 .debug_aranges
                0x0000000000001788       0x28 ./Src/system_stm32l4xx.o
 .debug_aranges
                0x00000000000017b0       0x60 ./Src/tiny_printf.o

.debug_ranges   0x0000000000000000     0x15b8
 .debug_ranges  0x0000000000000000       0xf0 ./HAL/src/stm32l4xx_hal.o
 .debug_ranges  0x00000000000000f0       0xe0 ./HAL/src/stm32l4xx_hal_adc.o
 .debug_ranges  0x00000000000001d0       0xb8 ./HAL/src/stm32l4xx_hal_adc_ex.o
 .debug_ranges  0x0000000000000288       0xf8 ./HAL/src/stm32l4xx_hal_cortex.o
 .debug_ranges  0x0000000000000380       0x70 ./HAL/src/stm32l4xx_hal_dma.o
 .debug_ranges  0x00000000000003f0       0x80 ./HAL/src/stm32l4xx_hal_flash.o
 .debug_ranges  0x0000000000000470       0x80 ./HAL/src/stm32l4xx_hal_flash_ex.o
 .debug_ranges  0x00000000000004f0       0x48 ./HAL/src/stm32l4xx_hal_gpio.o
 .debug_ranges  0x0000000000000538       0x18 ./HAL/src/stm32l4xx_hal_iwdg.o
 .debug_ranges  0x0000000000000550       0x28 ./HAL/src/stm32l4xx_hal_msp_template.o
 .debug_ranges  0x0000000000000578       0x88 ./HAL/src/stm32l4xx_hal_pwr.o
 .debug_ranges  0x0000000000000600      0x110 ./HAL/src/stm32l4xx_hal_pwr_ex.o
 .debug_ranges  0x0000000000000710       0x78 ./HAL/src/stm32l4xx_hal_rcc.o
 .debug_ranges  0x0000000000000788       0xa8 ./HAL/src/stm32l4xx_hal_rtc.o
 .debug_ranges  0x0000000000000830      0x130 ./HAL/src/stm32l4xx_hal_rtc_ex.o
 .debug_ranges  0x0000000000000960      0x1c8 ./HAL/src/stm32l4xx_hal_spi.o
 .debug_ranges  0x0000000000000b28      0x368 ./HAL/src/stm32l4xx_hal_tim.o
 .debug_ranges  0x0000000000000e90      0x140 ./HAL/src/stm32l4xx_hal_tim_ex.o
 .debug_ranges  0x0000000000000fd0      0x1d8 ./HAL/src/stm32l4xx_hal_uart.o
 .debug_ranges  0x00000000000011a8       0x38 ./Src/ADC.o
 .debug_ranges  0x00000000000011e0       0x20 ./Src/Common.o
 .debug_ranges  0x0000000000001200       0x40 ./Src/DvcPrm.o
 .debug_ranges  0x0000000000001240       0x20 ./Src/FlashApp.o
 .debug_ranges  0x0000000000001260       0x20 ./Src/FlashDrv.o
 .debug_ranges  0x0000000000001280       0x38 ./Src/FlashInnApp.o
 .debug_ranges  0x00000000000012b8       0x20 ./Src/HostApp.o
 .debug_ranges  0x00000000000012d8       0x28 ./Src/LED.o
 .debug_ranges  0x0000000000001300       0x58 ./Src/RST.o
 .debug_ranges  0x0000000000001358       0x28 ./Src/RTC.o
 .debug_ranges  0x0000000000001380       0x18 ./Src/SPI.o
 .debug_ranges  0x0000000000001398       0x98 ./Src/TMRS.o
 .debug_ranges  0x0000000000001430       0x18 ./Src/UART.o
 .debug_ranges  0x0000000000001448       0x28 ./Src/UARTDrv.o
 .debug_ranges  0x0000000000001470       0x70 ./Src/main.o
 .debug_ranges  0x00000000000014e0       0x20 ./Src/startup_stm32l433xx.o
 .debug_ranges  0x0000000000001500       0x50 ./Src/stm32l4xx_it.o
 .debug_ranges  0x0000000000001550       0x18 ./Src/system_stm32l4xx.o
 .debug_ranges  0x0000000000001568       0x50 ./Src/tiny_printf.o

.debug_line     0x0000000000000000    0x144a5
 .debug_line    0x0000000000000000      0x611 ./HAL/src/stm32l4xx_hal.o
 .debug_line    0x0000000000000611     0x121e ./HAL/src/stm32l4xx_hal_adc.o
 .debug_line    0x000000000000182f      0xd95 ./HAL/src/stm32l4xx_hal_adc_ex.o
 .debug_line    0x00000000000025c4      0x7fa ./HAL/src/stm32l4xx_hal_cortex.o
 .debug_line    0x0000000000002dbe      0x83b ./HAL/src/stm32l4xx_hal_dma.o
 .debug_line    0x00000000000035f9      0x7b4 ./HAL/src/stm32l4xx_hal_flash.o
 .debug_line    0x0000000000003dad      0x807 ./HAL/src/stm32l4xx_hal_flash_ex.o
 .debug_line    0x00000000000045b4      0x6a6 ./HAL/src/stm32l4xx_hal_gpio.o
 .debug_line    0x0000000000004c5a      0x32b ./HAL/src/stm32l4xx_hal_iwdg.o
 .debug_line    0x0000000000004f85      0x275 ./HAL/src/stm32l4xx_hal_msp_template.o
 .debug_line    0x00000000000051fa      0x507 ./HAL/src/stm32l4xx_hal_pwr.o
 .debug_line    0x0000000000005701      0x85f ./HAL/src/stm32l4xx_hal_pwr_ex.o
 .debug_line    0x0000000000005f60      0xd13 ./HAL/src/stm32l4xx_hal_rcc.o
 .debug_line    0x0000000000006c73      0xcec ./HAL/src/stm32l4xx_hal_rtc.o
 .debug_line    0x000000000000795f     0x11ad ./HAL/src/stm32l4xx_hal_rtc_ex.o
 .debug_line    0x0000000000008b0c     0x1a15 ./HAL/src/stm32l4xx_hal_spi.o
 .debug_line    0x000000000000a521     0x253b ./HAL/src/stm32l4xx_hal_tim.o
 .debug_line    0x000000000000ca5c      0xe47 ./HAL/src/stm32l4xx_hal_tim_ex.o
 .debug_line    0x000000000000d8a3     0x1634 ./HAL/src/stm32l4xx_hal_uart.o
 .debug_line    0x000000000000eed7      0x4e8 ./Src/ADC.o
 .debug_line    0x000000000000f3bf      0x59d ./Src/Common.o
 .debug_line    0x000000000000f95c      0x71d ./Src/DvcPrm.o
 .debug_line    0x0000000000010079      0x3e2 ./Src/FlashApp.o
 .debug_line    0x000000000001045b      0x437 ./Src/FlashDrv.o
 .debug_line    0x0000000000010892      0x849 ./Src/FlashInnApp.o
 .debug_line    0x00000000000110db      0x29e ./Src/HostApp.o
 .debug_line    0x0000000000011379      0x339 ./Src/LED.o
 .debug_line    0x00000000000116b2      0x434 ./Src/RST.o
 .debug_line    0x0000000000011ae6      0x3a2 ./Src/RTC.o
 .debug_line    0x0000000000011e88      0x389 ./Src/SPI.o
 .debug_line    0x0000000000012211      0x69b ./Src/TMRS.o
 .debug_line    0x00000000000128ac      0x364 ./Src/UART.o
 .debug_line    0x0000000000012c10      0x3b6 ./Src/UARTDrv.o
 .debug_line    0x0000000000012fc6      0xa5c ./Src/main.o
 .debug_line    0x0000000000013a22       0x7b ./Src/startup_stm32l433xx.o
 .debug_line    0x0000000000013a9d      0x168 ./Src/stm32l4xx_it.o
 .debug_line    0x0000000000013c05      0x373 ./Src/system_stm32l4xx.o
 .debug_line    0x0000000000013f78      0x52d ./Src/tiny_printf.o

.debug_str      0x0000000000000000     0x71eb
 .debug_str     0x0000000000000000      0xadf ./HAL/src/stm32l4xx_hal.o
                                        0xb58 (size before relaxing)
 .debug_str     0x0000000000000adf      0x899 ./HAL/src/stm32l4xx_hal_adc.o
                                        0xbed (size before relaxing)
 .debug_str     0x0000000000001378      0x3e5 ./HAL/src/stm32l4xx_hal_adc_ex.o
                                        0xbec (size before relaxing)
 .debug_str     0x000000000000175d      0x373 ./HAL/src/stm32l4xx_hal_cortex.o
                                        0xafd (size before relaxing)
 .debug_str     0x0000000000001ad0      0x212 ./HAL/src/stm32l4xx_hal_dma.o
                                        0x622 (size before relaxing)
 .debug_str     0x0000000000001ce2      0x3a1 ./HAL/src/stm32l4xx_hal_flash.o
                                        0x608 (size before relaxing)
 .debug_str     0x0000000000002083      0x23e ./HAL/src/stm32l4xx_hal_flash_ex.o
                                        0x67b (size before relaxing)
 .debug_str     0x00000000000022c1      0x1b5 ./HAL/src/stm32l4xx_hal_gpio.o
                                        0x53a (size before relaxing)
 .debug_str     0x0000000000002476       0x89 ./HAL/src/stm32l4xx_hal_iwdg.o
                                        0x290 (size before relaxing)