../HAL/src/stm32l4xx_hal_rcc_ex.c:172:19:HAL_RCCEx_PeriphCLKConfig	32	static
../HAL/src/stm32l4xx_hal_rcc_ex.c:669:6:HAL_RCCEx_GetPeriphCLKConfig	64	static,ignoring_inline_asm
../HAL/src/stm32l4xx_hal_rcc_ex.c:883:10:HAL_RCCEx_GetPeriphCLKFreq	128	static,ignoring_inline_asm
../HAL/src/stm32l4xx_hal_rcc_ex.c:1669:19:HAL_RCCEx_EnablePLLSAI1	56	static,ignoring_inline_asm
../HAL/src/stm32l4xx_hal_rcc_ex.c:1731:19:HAL_RCCEx_DisablePLLSAI1	16	static
../HAL/src/stm32l4xx_hal_rcc_ex.c:1886:6:HAL_RCCEx_WakeUpStopCLKConfig	16	static
../HAL/src/stm32l4xx_hal_rcc_ex.c:1904:6:HAL_RCCEx_StandbyMSIRangeConfig	16	static
../HAL/src/stm32l4xx_hal_rcc_ex.c:1918:6:HAL_RCCEx_EnableLSECSS	4	static
../HAL/src/stm32l4xx_hal_rcc_ex.c:1928:6:HAL_RCCEx_DisableLSECSS	4	static
../HAL/src/stm32l4xx_hal_rcc_ex.c:1941:6:HAL_RCCEx_EnableLSECSS_IT	4	static
../HAL/src/stm32l4xx_hal_rcc_ex.c:1958:6:HAL_RCCEx_LSECSS_IRQHandler	8	static
../HAL/src/stm32l4xx_hal_rcc_ex.c:1975:13:HAL_RCCEx_LSECSS_Callback	4	static
../HAL/src/stm32l4xx_hal_rcc_ex.c:1990:6:HAL_RCCEx_EnableLSCO	48	static
../HAL/src/stm32l4xx_hal_rcc_ex.c:2037:6:HAL_RCCEx_DisableLSCO	16	static
../HAL/src/stm32l4xx_hal_rcc_ex.c:2075:6:HAL_RCCEx_EnableMSIPLLMode	4	static
../HAL/src/stm32l4xx_hal_rcc_ex.c:2085:6:HAL_RCCEx_DisableMSIPLLMode	4	static
../HAL/src/stm32l4xx_hal_rcc_ex.c:2165:6:HAL_RCCEx_CRSConfig	40	static,ignoring_inline_asm
../HAL/src/stm32l4xx_hal_rcc_ex.c:2207:6:HAL_RCCEx_CRSSoftwareSynchronizationGenerate	4	static
../HAL/src/stm32l4xx_hal_rcc_ex.c:2217:6:HAL_RCCEx_CRSGetSynchronizationInfo	32	static,ignoring_inline_asm
../HAL/src/stm32l4xx_hal_rcc_ex.c:2250:10:HAL_RCCEx_CRSWaitSynchronization	24	static
../HAL/src/stm32l4xx_hal_rcc_ex.c:2333:6:HAL_RCCEx_CRS_IRQHandler	24	static
../HAL/src/stm32l4xx_hal_rcc_ex.c:2398:13:HAL_RCCEx_CRS_SyncOkCallback	4	static
../HAL/src/stm32l4xx_hal_rcc_ex.c:2409:13:HAL_RCCEx_CRS_SyncWarnCallback	4	static
../HAL/src/stm32l4xx_hal_rcc_ex.c:2420:13:HAL_RCCEx_CRS_ExpectedSyncCallback	4	static
../HAL/src/stm32l4xx_hal_rcc_ex.c:2436:13:HAL_RCCEx_CRS_ErrorCallback	16	static
../HAL/src/stm32l4xx_hal_rcc_ex.c:2470:26:RCCEx_PLLSAI1_Config	88	static,ignoring_inline_asm
