../Src/TMRS.c:27:6:TMR7_Set	16	static
../Src/TMRS.c:40:6:TMR7_Sleep	24	static
../Src/TMRS.c:53:7:TMR7_Init	48	static
../Src/TMRS.c:88:13:TMR2_Init	48	static
../Src/TMRS.c:123:6:TMR2_Set	16	static
../Src/TMRS.c:136:6:TMR2_Sleep	24	static
../Src/TMRS.c:149:13:TMR6_Init	48	static
../Src/TMRS.c:195:6:TIM6_DAC_IRQHandler	8	static
../Src/TMRS.c:200:7:HAL_TIM_CallBack	16	static
../Src/TMRS.c:208:6:TMR6_Process_Handler	4	static
../Src/TMRS.c:253:13:TMR16_Init	48	static
../Src/TMRS.c:287:6:TMR16_Set	16	static
../Src/TMRS.c:300:6:TMR16_Sleep	24	static
../Src/TMRS.c:312:4:TMR16_Over	4	static
../Src/TMRS.c:326:6:TMR6_DeInit	8	static
../Src/TMRS.c:330:6:TMR2_DeInit	8	static
../Src/TMRS.c:334:6:TMR16_DeInit	8	static
../Src/TMRS.c:338:6:TMR7_DeInit	8	static
